******************************************************************************
                  TI ARM Linker PC v20.2.7                     
******************************************************************************
>> Linked Thu May  2 02:00:06 2024

OUTPUT FILE NAME:   <ICU_example.out>
ENTRY POINT SYMBOL: "_c_int00_noargs"  address: 00004965


MEMORY CONFIGURATION

         name            origin    length      used     unused   attr    fill
----------------------  --------  ---------  --------  --------  ----  --------
  FLASH                 00000000   00040000  00004deb  0003b215  R  X
  SRAM                  20000000   00008000  00002601  000059ff  RW X


SEGMENT ALLOCATION MAP

run origin  load origin   length   init length attrs members
----------  ----------- ---------- ----------- ----- -------
00000000    00000000    00004df0   00004df0    r-x
  00000000    00000000    0000026c   0000026c    r-- .intvecs
  0000026c    0000026c    00004970   00004970    r-x .text
  00004bdc    00004bdc    00000167   00000167    r-- .const
  00004d48    00004d48    000000a8   000000a8    r-- .cinit
20000000    20000000    00002608   00000000    rw-
  20000000    20000000    0000026c   00000000    rw- .vtable
  20000270    20000270    00001000   00000000    rw- .stack
  20001270    20001270    00001000   00000000    rw- .sysmem
  20002270    20002270    000001fd   00000000    rw- .data
  20002470    20002470    00000198   00000000    rw- .bss


SECTION ALLOCATION MAP

 output                                  attributes/
section   page    origin      length       input sections
--------  ----  ----------  ----------   ----------------
.intvecs   0    00000000    0000026c     
                  00000000    0000026c     tm4c123gh6pm_startup_ccs.obj (.intvecs)

.text      0    0000026c    00004970     
                  0000026c    00000c20     open_interface.obj (.text)
                  00000e8c    00000a4e     rtsv7M4_T_le_v4SPD16_eabi.lib : _printfi.c.obj (.text:__TI_printfi)
                  000018da    00000002                                   : _lock.c.obj (.text:_nop)
                  000018dc    0000058c                                   : e_powf.c.obj (.text:powf)
                  00001e68    00000384     imu.obj (.text)
                  000021ec    00000328     lcd.obj (.text)
                  00002514    000002c8     i2c.obj (.text)
                  000027dc    00000270     rtsv7M4_T_le_v4SPD16_eabi.lib : _printfi.c.obj (.text:_pconv_a)
                  00002a4c    00000248     Timer.obj (.text)
                  00002c94    0000022c     example.obj (.text)
                  00002ec0    000001d0     rtsv7M4_T_le_v4SPD16_eabi.lib : _printfi.c.obj (.text:_pconv_g)
                  00003090    000001b6                                   : fd_add_t2.asm.obj (.text)
                  00003246    00000002                                   : div0.asm.obj (.text)
                  00003248    00000158                                   : e_atan2f.c.obj (.text:atan2f)
                  000033a0    00000150                                   : s_atanf.c.obj (.text:atanf)
                  000034f0    0000013c                                   : _printfi.c.obj (.text:_pconv_e)
                  0000362c    00000136                                   : fd_div_t2.asm.obj (.text)
                  00003762    00000002     --HOLE-- [fill = 0]
                  00003764    00000124                                   : _printfi.c.obj (.text:fcvt)
                  00003888    00000110                                   : s_scalbn.c.obj (.text:scalbn)
                  00003998    00000100                                   : memory.c.obj (.text:aligned_alloc)
                  00003a98    000000fc                                   : fd_mul_t2.asm.obj (.text)
                  00003b94    000000e4                                   : memory.c.obj (.text:free)
                  00003c78    000000d0                                   : s_scalbnf.c.obj (.text:scalbnf)
                  00003d48    000000b1                                   : _printfi.c.obj (.text:_ltostr)
                  00003df9    00000001     --HOLE-- [fill = 0]
                  00003dfa    0000009c                                   : memcpy_t2.asm.obj (.text)
                  00003e96    00000096                                   : ull_div_t2.asm.obj (.text)
                  00003f2c    00000086                                   : fd_cmp_t2.asm.obj (.text:__aeabi_cdcmple)
                  00003fb2    00000086                                   : fd_cmp_t2.asm.obj (.text:__aeabi_cdrcmple)
                  00004038    0000007c                                   : fflush.c.obj (.text:fflush)
                  000040b4    0000007a                                   : memset_t2.asm.obj (.text)
                  0000412e    00000002     --HOLE-- [fill = 0]
                  00004130    00000070                                   : memory.c.obj (.text:split)
                  000041a0    0000006e                                   : _printfi.c.obj (.text:_mcpy)
                  0000420e    0000006e                                   : fd_tos_t2.asm.obj (.text)
                  0000427c    0000006c                                   : hostrename.c.obj (.text:HOSTrename)
                  000042e8    00000068                                   : hostlseek.c.obj (.text:HOSTlseek)
                  00004350    00000068                                   : copy_decompress_lzss.c.obj (.text:decompress:lzss:__TI_decompress_lzss)
                  000043b8    00000064                                   : s_frexp.c.obj (.text:frexp)
                  0000441c    00000060                                   : hostopen.c.obj (.text:HOSTopen)
                  0000447c    00000058                                   : hostread.c.obj (.text:HOSTread)
                  000044d4    00000058                                   : hostwrite.c.obj (.text:HOSTwrite)
                  0000452c    00000056                                   : _printfi.c.obj (.text:_pconv_f)
                  00004582    00000054                                   : _ltoa.c.obj (.text:__TI_ltoa)
                  000045d6    00000052                                   : _printfi.c.obj (.text:_ecpy)
                  00004628    0000004c                                   : fflush.c.obj (.text:__TI_doflush)
                  00004674    0000004c                                   : atoi.c.obj (.text:atoi)
                  000046c0    00000048                                   : fd_toi_t2.asm.obj (.text)
                  00004708    00000044                                   : hostclose.c.obj (.text:HOSTclose)
                  0000474c    00000044                                   : hostunlink.c.obj (.text:HOSTunlink)
                  00004790    00000044                                   : autoinit.c.obj (.text:__TI_auto_init_nobinit_nopinit:__TI_auto_init_nobinit_nopinit)
                  000047d4    00000040                                   : vsnprintf.c.obj (.text:vsnprintf)
                  00004814    0000003e                                   : _printfi.c.obj (.text:_fcpy)
                  00004852    00000002     --HOLE-- [fill = 0]
                  00004854    00000038                                   : trgmsg.c.obj (.text:__TI_writemsg)
                  0000488c    00000038                                   : memory.c.obj (.text:calloc)
                  000048c4    00000038                                   : fs_tod_t2.asm.obj (.text)
                  000048fc    00000034     driverlib.lib : interrupt.obj (.text:IntRegister)
                  00004930    00000034     rtsv7M4_T_le_v4SPD16_eabi.lib : trgmsg.c.obj (.text:__TI_readmsg)
                  00004964    00000034                                   : boot_cortex_m.c.obj (.text:_c_int00_noargs:_c_int00_noargs)
                  00004998    00000030                                   : vsnprintf.c.obj (.text:_outs)
                  000049c8    0000002e                                   : i_tofd_t2.asm.obj (.text)
                  000049f6    00000002     --HOLE-- [fill = 0]
                  000049f8    00000028                                   : memory.c.obj (.text:free_list_insert)
                  00004a20    00000028                                   : e_sqrtf.c.obj (.text:sqrtf)
                  00004a48    00000028                                   : write.c.obj (.text:write)
                  00004a70    0000001c                                   : memory.c.obj (.text:free_list_remove)
                  00004a8c    0000001c                                   : memccpy.c.obj (.text:memccpy)
                  00004aa8    0000001a                                   : s_copysign.c.obj (.text:copysign)
                  00004ac2    00000018                                   : vsnprintf.c.obj (.text:_outc)
                  00004ada    00000018                                   : s_copysignf.c.obj (.text:copysignf)
                  00004af2    00000018     open_interface.obj (.text:oi_parseInt)
                  00004b0a    00000018     rtsv7M4_T_le_v4SPD16_eabi.lib : strcmp.c.obj (.text:strcmp)
                  00004b22    00000016                                   : strchr.c.obj (.text:strchr)
                  00004b38    00000014                                   : strcpy.c.obj (.text:strcpy)
                  00004b4c    00000014                                   : strlen.c.obj (.text:strlen)
                  00004b60    00000012                                   : wcslen.c.obj (.text:wcslen)
                  00004b72    00000010     driverlib.lib : interrupt.obj (.text:IntMasterEnable)
                  00004b82    00000010     lcd.obj (.text:lcd_clear)
                  00004b92    0000000e     rtsv7M4_T_le_v4SPD16_eabi.lib : copy_decompress_none.c.obj (.text:decompress:none:__TI_decompress_none)
                  00004ba0    0000000c     driverlib.lib : cpu.obj (.text:CPUcpsie)
                  00004bac    0000000c     rtsv7M4_T_le_v4SPD16_eabi.lib : copy_zero_init.c.obj (.text:decompress:ZI:__TI_zero_init)
                  00004bb8    0000000c     tm4c123gh6pm_startup_ccs.obj (.text)
                  00004bc4    00000008     rtsv7M4_T_le_v4SPD16_eabi.lib : errno.c.obj (.text:__aeabi_errno_addr)
                  00004bcc    00000008                                   : memory.c.obj (.text:malloc)
                  00004bd4    00000004                                   : pre_init.c.obj (.text:_system_pre_init)
                  00004bd8    00000004                                   : exit.c.obj (.text:abort:abort)

.const     0    00004bdc    00000167     
                  00004bdc    00000101     rtsv7M4_T_le_v4SPD16_eabi.lib : ctype.c.obj (.const:.string:_ctypes_)
                  00004cdd    00000003     --HOLE-- [fill = 0]
                  00004ce0    00000034                                   : s_atanf.c.obj (.const:$O1$$)
                  00004d14    00000018                                   : e_powf.c.obj (.const:$O1$$)
                  00004d2c    0000000f     open_interface.obj (.const:.string:$P$T0$3)
                  00004d3b    00000004     lcd.obj (.const:.string:lineAddress$1)
                  00004d3f    00000004     lcd.obj (.const:.string:lineAddresses$2)

.cinit     0    00004d48    000000a8     
                  00004d48    0000006e     (.cinit..data.load) [load image, compression = lzss]
                  00004db6    00000002     --HOLE-- [fill = 0]
                  00004db8    0000000c     (__TI_handler_table)
                  00004dc4    00000004     --HOLE-- [fill = 0]
                  00004dc8    00000008     (.cinit..bss.load) [load image, compression = zero_init]
                  00004dd0    00000008     (.cinit..vtable.load) [load image, compression = zero_init]
                  00004dd8    00000018     (__TI_cinit_table)

.init_array 
*          0    00000000    00000000     UNINITIALIZED

.vtable    0    20000000    0000026c     UNINITIALIZED
                  20000000    0000026c     driverlib.lib : interrupt.obj (.vtable)

.stack     0    20000270    00001000     UNINITIALIZED
                  20000270    00000004     rtsv7M4_T_le_v4SPD16_eabi.lib : boot_cortex_m.c.obj (.stack)
                  20000274    00000ffc     --HOLE--

.sysmem    0    20001270    00001000     UNINITIALIZED
                  20001270    00000010     rtsv7M4_T_le_v4SPD16_eabi.lib : memory.c.obj (.sysmem)
                  20001280    00000ff0     --HOLE--

.data      0    20002270    000001fd     UNINITIALIZED
                  20002270    000000f0     rtsv7M4_T_le_v4SPD16_eabi.lib : defs.c.obj (.data:_ftable)
                  20002360    00000078                                   : host_device.c.obj (.data:_device)
                  200023d8    00000050                                   : host_device.c.obj (.data:_stream)
                  20002428    00000020     open_interface.obj (.data)
                  20002448    00000010     rtsv7M4_T_le_v4SPD16_eabi.lib : defs.c.obj (.data)
                  20002458    00000008                                   : _lock.c.obj (.data:$O1$$)
                  20002460    00000008                                   : memory.c.obj (.data:$O1$$)
                  20002468    00000004                                   : errno.c.obj (.data)
                  2000246c    00000001     Timer.obj (.data)

.bss       0    20002470    00000198     UNINITIALIZED
                  20002470    00000120     rtsv7M4_T_le_v4SPD16_eabi.lib : trgmsg.c.obj (.bss:_CIOBUF_)
                  20002590    00000054     lcd.obj (.bss:lastbuffer$3)
                  200025e4    00000018     open_interface.obj (.bss:firmware$2)
                  200025fc    00000008     (.common:parmbuf)
                  20002604    00000004     (.common:_timeout_ticks)

__llvm_prf_cnts 
*          0    20000000    00000000     UNINITIALIZED

MODULE SUMMARY

       Module                         code    ro data   rw data
       ------                         ----    -------   -------
    .\
       open_interface.obj             3128    15        56     
       lcd.obj                        824     8         84     
       imu.obj                        900     0         0      
       i2c.obj                        712     0         0      
       tm4c123gh6pm_startup_ccs.obj   12      620       0      
       Timer.obj                      584     0         5      
       example.obj                    556     0         0      
    +--+------------------------------+-------+---------+---------+
       Total:                         6716    643       145    
                                                               
    C:/ti/TivaWare_C_Series-2.2.0.295/driverlib/ccs/Debug/driverlib.lib
       interrupt.obj                  68      0         620    
       cpu.obj                        12      0         0      
    +--+------------------------------+-------+---------+---------+
       Total:                         80      0         620    
                                                               
    C:\ti\ccs1230\ccs\tools\compiler\ti-cgt-arm_20.2.7.LTS\lib\rtsv7M4_T_le_v4SPD16_eabi.lib
       _printfi.c.obj                 4851    0         0      
       e_powf.c.obj                   1420    24        0      
       memory.c.obj                   728     0         8      
       fd_add_t2.asm.obj              438     0         0      
       trgmsg.c.obj                   108     0         288    
       s_atanf.c.obj                  336     52        0      
       e_atan2f.c.obj                 344     0         0      
       fd_div_t2.asm.obj              310     0         0      
       s_scalbn.c.obj                 272     0         0      
       fd_cmp_t2.asm.obj              268     0         0      
       ctype.c.obj                    0       257       0      
       defs.c.obj                     0       0         256    
       fd_mul_t2.asm.obj              252     0         0      
       s_scalbnf.c.obj                208     0         0      
       fflush.c.obj                   200     0         0      
       host_device.c.obj              0       0         200    
       memcpy_t2.asm.obj              156     0         0      
       ull_div_t2.asm.obj             150     0         0      
       vsnprintf.c.obj                136     0         0      
       memset_t2.asm.obj              122     0         0      
       fd_tos_t2.asm.obj              110     0         0      
       hostrename.c.obj               108     0         0      
       copy_decompress_lzss.c.obj     104     0         0      
       hostlseek.c.obj                104     0         0      
       hostopen.c.obj                 96      0         8      
       s_frexp.c.obj                  100     0         0      
       hostread.c.obj                 88      0         0      
       hostwrite.c.obj                88      0         0      
       _ltoa.c.obj                    84      0         0      
       atoi.c.obj                     76      0         0      
       fd_toi_t2.asm.obj              72      0         0      
       autoinit.c.obj                 68      0         0      
       hostclose.c.obj                68      0         0      
       hostunlink.c.obj               68      0         0      
       fs_tod_t2.asm.obj              56      0         0      
       boot_cortex_m.c.obj            52      0         0      
       i_tofd_t2.asm.obj              46      0         0      
       e_sqrtf.c.obj                  40      0         0      
       write.c.obj                    40      0         0      
       memccpy.c.obj                  28      0         0      
       s_copysign.c.obj               26      0         0      
       s_copysignf.c.obj              24      0         0      
       strcmp.c.obj                   24      0         0      
       strchr.c.obj                   22      0         0      
       strcpy.c.obj                   20      0         0      
       strlen.c.obj                   20      0         0      
       wcslen.c.obj                   18      0         0      
       copy_decompress_none.c.obj     14      0         0      
       copy_zero_init.c.obj           12      0         0      
       errno.c.obj                    8       0         4      
       _lock.c.obj                    2       0         8      
       exit.c.obj                     4       0         0      
       pre_init.c.obj                 4       0         0      
       div0.asm.obj                   2       0         0      
    +--+------------------------------+-------+---------+---------+
       Total:                         11995   333       772    
                                                               
       Heap:                          0       0         4096   
       Stack:                         0       0         4096   
       Linker Generated:              0       162       0      
    +--+------------------------------+-------+---------+---------+
       Grand Total:                   18791   1138      9729   


LINKER GENERATED COPY TABLES

__TI_cinit_table @ 00004dd8 records: 3, size/record: 8, table size: 24
	.data: load addr=00004d48, load size=0000006e bytes, run addr=20002270, run size=000001fd bytes, compression=lzss
	.bss: load addr=00004dc8, load size=00000008 bytes, run addr=20002470, run size=00000198 bytes, compression=zero_init
	.vtable: load addr=00004dd0, load size=00000008 bytes, run addr=20000000, run size=0000026c bytes, compression=zero_init


LINKER GENERATED HANDLER TABLE

__TI_handler_table @ 00004db8 records: 3, size/record: 4, table size: 12
	index: 0, handler: __TI_zero_init
	index: 1, handler: __TI_decompress_lzss
	index: 2, handler: __TI_decompress_none


GLOBAL SYMBOLS: SORTED ALPHABETICALLY BY Name 

address   name                          
-------   ----                          
00004bd9  C$$EXIT                       
00004883  C$$IO$$                       
00004ba1  CPUcpsie                      
00000bc3  GPIOF_Handler                 
00004709  HOSTclose                     
000042e9  HOSTlseek                     
0000441d  HOSTopen                      
0000447d  HOSTread                      
0000427d  HOSTrename                    
0000474d  HOSTunlink                    
000044d5  HOSTwrite                     
00004b73  IntMasterEnable               
000048fd  IntRegister                   
00004bb9  ResetISR                      
20002470  __CIOBUF_                     
20001270  __STACK_END                   
00001000  __STACK_SIZE                  
20000470  __STACK_TOP                   
00001000  __SYSMEM_SIZE                 
00004dd8  __TI_CINIT_Base               
00004df0  __TI_CINIT_Limit              
00004db8  __TI_Handler_Table_Base       
00004dc4  __TI_Handler_Table_Limit      
00004791  __TI_auto_init_nobinit_nopinit
00004351  __TI_decompress_lzss          
00004b93  __TI_decompress_none          
00004629  __TI_doflush                  
20002448  __TI_ft_end                   
00004583  __TI_ltoa                     
ffffffff  __TI_pprof_out_hndl           
00000e8d  __TI_printfi                  
ffffffff  __TI_prof_data_size           
ffffffff  __TI_prof_data_start          
00004931  __TI_readmsg                  
00000000  __TI_static_base__            
00004855  __TI_writemsg                 
00004bad  __TI_zero_init                
00003f2d  __aeabi_cdcmpeq               
00003f2d  __aeabi_cdcmple               
00003fb3  __aeabi_cdrcmple              
0000420f  __aeabi_d2f                   
000046c1  __aeabi_d2iz                  
0000309b  __aeabi_dadd                  
0000362d  __aeabi_ddiv                  
00003a99  __aeabi_dmul                  
00003091  __aeabi_dsub                  
00004bc5  __aeabi_errno_addr            
000048c5  __aeabi_f2d                   
000049c9  __aeabi_i2d                   
00003247  __aeabi_idiv0                 
00003247  __aeabi_ldiv0                 
000040b5  __aeabi_memclr                
000040b5  __aeabi_memclr4               
000040b5  __aeabi_memclr8               
00003dfb  __aeabi_memcpy                
00003dfb  __aeabi_memcpy4               
00003dfb  __aeabi_memcpy8               
000040b7  __aeabi_memset                
000040b7  __aeabi_memset4               
000040b7  __aeabi_memset8               
20002454  __aeabi_stderr                
2000244c  __aeabi_stdin                 
20002450  __aeabi_stdout                
00003e97  __aeabi_uldivmod              
ffffffff  __binit__                     
ffffffff  __c_args__                    
UNDEFED   __mpu_init                    
20000270  __stack                       
20000000  __start___llvm_prf_cnts       
20000000  __stop___llvm_prf_cnts        
00004965  _c_int00_noargs               
00004bdc  _ctypes_                      
20002360  _device                       
20002270  _ftable                       
20002458  _lock                         
000018db  _nop                          
2000246c  _running                      
200023d8  _stream                       
20001270  _sys_memory                   
UNDEFED   _system_post_cinit            
00004bd5  _system_pre_init              
20002604  _timeout_ticks                
2000245c  _unlock                       
00004bd9  abort                         
00003999  aligned_alloc                 
00003249  atan2f                        
000033a1  atanf                         
00004675  atoi                          
ffffffff  binit                         
0000488d  calloc                        
00004aa9  copysign                      
00004adb  copysignf                     
00004aa9  copysignl                     
20002468  errno                         
00004039  fflush                        
00003b95  free                          
000043b9  frexp                         
000043b9  frexpl                        
20000000  g_pfnRAMVectors               
00000000  g_pfnVectors                  
0000097f  go_charge                     
00002515  i2c_init                      
000026bd  i2c_recByte                   
000026fb  i2c_recBytes                  
00002573  i2c_requestByte               
000025b5  i2c_sendByte                  
000025f7  i2c_sendBytes                 
000020c1  imu_connected                 
00001ff7  imu_getAcc                    
000020ef  imu_getChipInfo               
00001f67  imu_getMag                    
00001f5d  imu_getMode                   
000020db  imu_getStatus                 
000020e5  imu_getTemp                   
00001e9d  imu_init                      
00002ce1  imu_move_distance             
00002e13  imu_printChipInfo             
00002185  imu_readRegByte               
000021a1  imu_readRegBytes              
00002145  imu_reset                     
00002097  imu_setDefaultUnits           
00001f4b  imu_setMode                   
0000215f  imu_writeReg                  
00004b83  lcd_clear                     
000023c1  lcd_gotoLine                  
00002229  lcd_init                      
00002427  lcd_printf                    
000022e9  lcd_putc                      
00002321  lcd_puts                      
000021ed  lcd_reverseNibble             
0000233f  lcd_sendCommand               
0000237d  lcd_sendNibble                
000023e9  lcd_setCursorPos              
00003889  ldexp                         
00003c79  ldexpf                        
00003889  ldexpl                        
00002c95  main                          
00004bcd  malloc                        
00003999  memalign                      
00004a8d  memccpy                       
00003dfb  memcpy                        
000040bd  memset                        
20002428  motor_cal_factor_L            
2000242c  motor_cal_factor_R            
0000026d  oi_alloc                      
00000aa9  oi_checkFirmware              
000002c7  oi_close                      
00000279  oi_free                       
00000ded  oi_getMotorCalibrationLeft    
00000e01  oi_getMotorCalibrationRight   
000002b1  oi_init                       
00000289  oi_init_noupdate              
00000915  oi_loadSong                   
00004af3  oi_parseInt                   
0000032b  oi_parsePacket                
0000096b  oi_play_song                  
0000084b  oi_setLeds                    
00000db1  oi_setMotorCalibration        
0000088f  oi_setWheels                  
00000b51  oi_shutoff_init               
0000098d  oi_uartInit                   
00000a31  oi_uartReceive                
00000a77  oi_uartSendBuff               
00000a15  oi_uartSendChar               
00000a59  oi_uartSendStr                
000002d9  oi_update                     
200025fc  parmbuf                       
000018dd  powf                          
00003889  scalbn                        
00003c79  scalbnf                       
00003889  scalbnl                       
00004a21  sqrtf                         
00004b23  strchr                        
00004b0b  strcmp                        
00004b39  strcpy                        
00004b4d  strlen                        
00002b6b  timer_getMicros               
00002b13  timer_getMillis               
00002a4d  timer_init                    
00002aef  timer_pause                   
00002b01  timer_resume                  
00002ac5  timer_stop                    
00002bc5  timer_waitMicros              
00002bf7  timer_waitMillis              
000047d5  vsnprintf                     
00004b61  wcslen                        
00004a49  write                         


GLOBAL SYMBOLS: SORTED BY Symbol Address 

address   name                          
-------   ----                          
00000000  __TI_static_base__            
00000000  g_pfnVectors                  
0000026d  oi_alloc                      
00000279  oi_free                       
00000289  oi_init_noupdate              
000002b1  oi_init                       
000002c7  oi_close                      
000002d9  oi_update                     
0000032b  oi_parsePacket                
0000084b  oi_setLeds                    
0000088f  oi_setWheels                  
00000915  oi_loadSong                   
0000096b  oi_play_song                  
0000097f  go_charge                     
0000098d  oi_uartInit                   
00000a15  oi_uartSendChar               
00000a31  oi_uartReceive                
00000a59  oi_uartSendStr                
00000a77  oi_uartSendBuff               
00000aa9  oi_checkFirmware              
00000b51  oi_shutoff_init               
00000bc3  GPIOF_Handler                 
00000db1  oi_setMotorCalibration        
00000ded  oi_getMotorCalibrationLeft    
00000e01  oi_getMotorCalibrationRight   
00000e8d  __TI_printfi                  
00001000  __STACK_SIZE                  
00001000  __SYSMEM_SIZE                 
000018db  _nop                          
000018dd  powf                          
00001e9d  imu_init                      
00001f4b  imu_setMode                   
00001f5d  imu_getMode                   
00001f67  imu_getMag                    
00001ff7  imu_getAcc                    
00002097  imu_setDefaultUnits           
000020c1  imu_connected                 
000020db  imu_getStatus                 
000020e5  imu_getTemp                   
000020ef  imu_getChipInfo               
00002145  imu_reset                     
0000215f  imu_writeReg                  
00002185  imu_readRegByte               
000021a1  imu_readRegBytes              
000021ed  lcd_reverseNibble             
00002229  lcd_init                      
000022e9  lcd_putc                      
00002321  lcd_puts                      
0000233f  lcd_sendCommand               
0000237d  lcd_sendNibble                
000023c1  lcd_gotoLine                  
000023e9  lcd_setCursorPos              
00002427  lcd_printf                    
00002515  i2c_init                      
00002573  i2c_requestByte               
000025b5  i2c_sendByte                  
000025f7  i2c_sendBytes                 
000026bd  i2c_recByte                   
000026fb  i2c_recBytes                  
00002a4d  timer_init                    
00002ac5  timer_stop                    
00002aef  timer_pause                   
00002b01  timer_resume                  
00002b13  timer_getMillis               
00002b6b  timer_getMicros               
00002bc5  timer_waitMicros              
00002bf7  timer_waitMillis              
00002c95  main                          
00002ce1  imu_move_distance             
00002e13  imu_printChipInfo             
00003091  __aeabi_dsub                  
0000309b  __aeabi_dadd                  
00003247  __aeabi_idiv0                 
00003247  __aeabi_ldiv0                 
00003249  atan2f                        
000033a1  atanf                         
0000362d  __aeabi_ddiv                  
00003889  ldexp                         
00003889  ldexpl                        
00003889  scalbn                        
00003889  scalbnl                       
00003999  aligned_alloc                 
00003999  memalign                      
00003a99  __aeabi_dmul                  
00003b95  free                          
00003c79  ldexpf                        
00003c79  scalbnf                       
00003dfb  __aeabi_memcpy                
00003dfb  __aeabi_memcpy4               
00003dfb  __aeabi_memcpy8               
00003dfb  memcpy                        
00003e97  __aeabi_uldivmod              
00003f2d  __aeabi_cdcmpeq               
00003f2d  __aeabi_cdcmple               
00003fb3  __aeabi_cdrcmple              
00004039  fflush                        
000040b5  __aeabi_memclr                
000040b5  __aeabi_memclr4               
000040b5  __aeabi_memclr8               
000040b7  __aeabi_memset                
000040b7  __aeabi_memset4               
000040b7  __aeabi_memset8               
000040bd  memset                        
0000420f  __aeabi_d2f                   
0000427d  HOSTrename                    
000042e9  HOSTlseek                     
00004351  __TI_decompress_lzss          
000043b9  frexp                         
000043b9  frexpl                        
0000441d  HOSTopen                      
0000447d  HOSTread                      
000044d5  HOSTwrite                     
00004583  __TI_ltoa                     
00004629  __TI_doflush                  
00004675  atoi                          
000046c1  __aeabi_d2iz                  
00004709  HOSTclose                     
0000474d  HOSTunlink                    
00004791  __TI_auto_init_nobinit_nopinit
000047d5  vsnprintf                     
00004855  __TI_writemsg                 
00004883  C$$IO$$                       
0000488d  calloc                        
000048c5  __aeabi_f2d                   
000048fd  IntRegister                   
00004931  __TI_readmsg                  
00004965  _c_int00_noargs               
000049c9  __aeabi_i2d                   
00004a21  sqrtf                         
00004a49  write                         
00004a8d  memccpy                       
00004aa9  copysign                      
00004aa9  copysignl                     
00004adb  copysignf                     
00004af3  oi_parseInt                   
00004b0b  strcmp                        
00004b23  strchr                        
00004b39  strcpy                        
00004b4d  strlen                        
00004b61  wcslen                        
00004b73  IntMasterEnable               
00004b83  lcd_clear                     
00004b93  __TI_decompress_none          
00004ba1  CPUcpsie                      
00004bad  __TI_zero_init                
00004bb9  ResetISR                      
00004bc5  __aeabi_errno_addr            
00004bcd  malloc                        
00004bd5  _system_pre_init              
00004bd9  C$$EXIT                       
00004bd9  abort                         
00004bdc  _ctypes_                      
00004db8  __TI_Handler_Table_Base       
00004dc4  __TI_Handler_Table_Limit      
00004dd8  __TI_CINIT_Base               
00004df0  __TI_CINIT_Limit              
20000000  __start___llvm_prf_cnts       
20000000  __stop___llvm_prf_cnts        
20000000  g_pfnRAMVectors               
20000270  __stack                       
20000470  __STACK_TOP                   
20001270  __STACK_END                   
20001270  _sys_memory                   
20002270  _ftable                       
20002360  _device                       
200023d8  _stream                       
20002428  motor_cal_factor_L            
2000242c  motor_cal_factor_R            
20002448  __TI_ft_end                   
2000244c  __aeabi_stdin                 
20002450  __aeabi_stdout                
20002454  __aeabi_stderr                
20002458  _lock                         
2000245c  _unlock                       
20002468  errno                         
2000246c  _running                      
20002470  __CIOBUF_                     
200025fc  parmbuf                       
20002604  _timeout_ticks                
ffffffff  __TI_pprof_out_hndl           
ffffffff  __TI_prof_data_size           
ffffffff  __TI_prof_data_start          
ffffffff  __binit__                     
ffffffff  __c_args__                    
ffffffff  binit                         
UNDEFED   __mpu_init                    
UNDEFED   _system_post_cinit            

[187 symbols]
