<?xml version="1.0" encoding="ISO-8859-1" ?>
<link_info>
   <banner>TI ARM Linker PC v20.2.7.LTS</banner>
   <copyright>Copyright (c) 1996-2018 Texas Instruments Incorporated</copyright>
   <link_time>0x6633f79d</link_time>
   <link_errors>0x0</link_errors>
   <output_file>IMU-round2.out</output_file>
   <entry_point>
      <name>_c_int00_noargs</name>
      <address>0x3a6d</address>
   </entry_point>
   <input_file_list>
      <input_file id="fl-2">
         <path>.\</path>
         <kind>object</kind>
         <file>Timer.obj</file>
         <name>Timer.obj</name>
      </input_file>
      <input_file id="fl-3">
         <path>.\</path>
         <kind>object</kind>
         <file>example.obj</file>
         <name>example.obj</name>
      </input_file>
      <input_file id="fl-4">
         <path>.\</path>
         <kind>object</kind>
         <file>i2c.obj</file>
         <name>i2c.obj</name>
      </input_file>
      <input_file id="fl-5">
         <path>.\</path>
         <kind>object</kind>
         <file>imu.obj</file>
         <name>imu.obj</name>
      </input_file>
      <input_file id="fl-6">
         <path>.\</path>
         <kind>object</kind>
         <file>lcd.obj</file>
         <name>lcd.obj</name>
      </input_file>
      <input_file id="fl-7">
         <path>.\</path>
         <kind>object</kind>
         <file>open_interface.obj</file>
         <name>open_interface.obj</name>
      </input_file>
      <input_file id="fl-8">
         <path>.\</path>
         <kind>object</kind>
         <file>tm4c123gh6pm_startup_ccs.obj</file>
         <name>tm4c123gh6pm_startup_ccs.obj</name>
      </input_file>
      <input_file id="fl-d">
         <kind>object</kind>
         <file>&lt;internal&gt;</file>
         <name>&lt;internal&gt;</name>
      </input_file>
      <input_file id="fl-c3">
         <path>C:\ti\ccs1230\ccs\tools\compiler\ti-cgt-arm_20.2.7.LTS\lib\</path>
         <kind>archive</kind>
         <file>rtsv7M4_T_le_v4SPD16_eabi.lib</file>
         <name>e_powf.c.obj</name>
      </input_file>
      <input_file id="fl-c4">
         <path>C:\ti\ccs1230\ccs\tools\compiler\ti-cgt-arm_20.2.7.LTS\lib\</path>
         <kind>archive</kind>
         <file>rtsv7M4_T_le_v4SPD16_eabi.lib</file>
         <name>e_sqrtf.c.obj</name>
      </input_file>
      <input_file id="fl-c5">
         <path>C:\ti\ccs1230\ccs\tools\compiler\ti-cgt-arm_20.2.7.LTS\lib\</path>
         <kind>archive</kind>
         <file>rtsv7M4_T_le_v4SPD16_eabi.lib</file>
         <name>s_atanf.c.obj</name>
      </input_file>
      <input_file id="fl-c6">
         <path>C:\ti\ccs1230\ccs\tools\compiler\ti-cgt-arm_20.2.7.LTS\lib\</path>
         <kind>archive</kind>
         <file>rtsv7M4_T_le_v4SPD16_eabi.lib</file>
         <name>s_scalbnf.c.obj</name>
      </input_file>
      <input_file id="fl-c7">
         <path>C:\ti\ccs1230\ccs\tools\compiler\ti-cgt-arm_20.2.7.LTS\lib\</path>
         <kind>archive</kind>
         <file>rtsv7M4_T_le_v4SPD16_eabi.lib</file>
         <name>vsnprintf.c.obj</name>
      </input_file>
      <input_file id="fl-c8">
         <path>C:\ti\ccs1230\ccs\tools\compiler\ti-cgt-arm_20.2.7.LTS\lib\</path>
         <kind>archive</kind>
         <file>rtsv7M4_T_le_v4SPD16_eabi.lib</file>
         <name>fflush.c.obj</name>
      </input_file>
      <input_file id="fl-c9">
         <path>C:\ti\ccs1230\ccs\tools\compiler\ti-cgt-arm_20.2.7.LTS\lib\</path>
         <kind>archive</kind>
         <file>rtsv7M4_T_le_v4SPD16_eabi.lib</file>
         <name>s_copysignf.c.obj</name>
      </input_file>
      <input_file id="fl-ca">
         <path>C:\ti\ccs1230\ccs\tools\compiler\ti-cgt-arm_20.2.7.LTS\lib\</path>
         <kind>archive</kind>
         <file>rtsv7M4_T_le_v4SPD16_eabi.lib</file>
         <name>fd_add_t2.asm.obj</name>
      </input_file>
      <input_file id="fl-cb">
         <path>C:\ti\ccs1230\ccs\tools\compiler\ti-cgt-arm_20.2.7.LTS\lib\</path>
         <kind>archive</kind>
         <file>rtsv7M4_T_le_v4SPD16_eabi.lib</file>
         <name>fd_div_t2.asm.obj</name>
      </input_file>
      <input_file id="fl-cc">
         <path>C:\ti\ccs1230\ccs\tools\compiler\ti-cgt-arm_20.2.7.LTS\lib\</path>
         <kind>archive</kind>
         <file>rtsv7M4_T_le_v4SPD16_eabi.lib</file>
         <name>fd_mul_t2.asm.obj</name>
      </input_file>
      <input_file id="fl-cd">
         <path>C:\ti\ccs1230\ccs\tools\compiler\ti-cgt-arm_20.2.7.LTS\lib\</path>
         <kind>archive</kind>
         <file>rtsv7M4_T_le_v4SPD16_eabi.lib</file>
         <name>fd_tos_t2.asm.obj</name>
      </input_file>
      <input_file id="fl-ce">
         <path>C:\ti\ccs1230\ccs\tools\compiler\ti-cgt-arm_20.2.7.LTS\lib\</path>
         <kind>archive</kind>
         <file>rtsv7M4_T_le_v4SPD16_eabi.lib</file>
         <name>fs_tod_t2.asm.obj</name>
      </input_file>
      <input_file id="fl-cf">
         <path>C:\ti\ccs1230\ccs\tools\compiler\ti-cgt-arm_20.2.7.LTS\lib\</path>
         <kind>archive</kind>
         <file>rtsv7M4_T_le_v4SPD16_eabi.lib</file>
         <name>i_tofd_t2.asm.obj</name>
      </input_file>
      <input_file id="fl-d0">
         <path>C:\ti\ccs1230\ccs\tools\compiler\ti-cgt-arm_20.2.7.LTS\lib\</path>
         <kind>archive</kind>
         <file>rtsv7M4_T_le_v4SPD16_eabi.lib</file>
         <name>memcpy_t2.asm.obj</name>
      </input_file>
      <input_file id="fl-d1">
         <path>C:\ti\ccs1230\ccs\tools\compiler\ti-cgt-arm_20.2.7.LTS\lib\</path>
         <kind>archive</kind>
         <file>rtsv7M4_T_le_v4SPD16_eabi.lib</file>
         <name>copy_zero_init.c.obj</name>
      </input_file>
      <input_file id="fl-d2">
         <path>C:\ti\ccs1230\ccs\tools\compiler\ti-cgt-arm_20.2.7.LTS\lib\</path>
         <kind>archive</kind>
         <file>rtsv7M4_T_le_v4SPD16_eabi.lib</file>
         <name>copy_decompress_none.c.obj</name>
      </input_file>
      <input_file id="fl-d3">
         <path>C:\ti\ccs1230\ccs\tools\compiler\ti-cgt-arm_20.2.7.LTS\lib\</path>
         <kind>archive</kind>
         <file>rtsv7M4_T_le_v4SPD16_eabi.lib</file>
         <name>copy_decompress_lzss.c.obj</name>
      </input_file>
      <input_file id="fl-d4">
         <path>C:\ti\ccs1230\ccs\tools\compiler\ti-cgt-arm_20.2.7.LTS\lib\</path>
         <kind>archive</kind>
         <file>rtsv7M4_T_le_v4SPD16_eabi.lib</file>
         <name>_lock.c.obj</name>
      </input_file>
      <input_file id="fl-d5">
         <path>C:\ti\ccs1230\ccs\tools\compiler\ti-cgt-arm_20.2.7.LTS\lib\</path>
         <kind>archive</kind>
         <file>rtsv7M4_T_le_v4SPD16_eabi.lib</file>
         <name>defs.c.obj</name>
      </input_file>
      <input_file id="fl-d6">
         <path>C:\ti\ccs1230\ccs\tools\compiler\ti-cgt-arm_20.2.7.LTS\lib\</path>
         <kind>archive</kind>
         <file>rtsv7M4_T_le_v4SPD16_eabi.lib</file>
         <name>memory.c.obj</name>
      </input_file>
      <input_file id="fl-d7">
         <path>C:\ti\ccs1230\ccs\tools\compiler\ti-cgt-arm_20.2.7.LTS\lib\</path>
         <kind>archive</kind>
         <file>rtsv7M4_T_le_v4SPD16_eabi.lib</file>
         <name>strcmp.c.obj</name>
      </input_file>
      <input_file id="fl-d8">
         <path>C:\ti\ccs1230\ccs\tools\compiler\ti-cgt-arm_20.2.7.LTS\lib\</path>
         <kind>archive</kind>
         <file>rtsv7M4_T_le_v4SPD16_eabi.lib</file>
         <name>strcpy.c.obj</name>
      </input_file>
      <input_file id="fl-d9">
         <path>C:\ti\ccs1230\ccs\tools\compiler\ti-cgt-arm_20.2.7.LTS\lib\</path>
         <kind>archive</kind>
         <file>rtsv7M4_T_le_v4SPD16_eabi.lib</file>
         <name>boot_cortex_m.c.obj</name>
      </input_file>
      <input_file id="fl-da">
         <path>C:\ti\ccs1230\ccs\tools\compiler\ti-cgt-arm_20.2.7.LTS\lib\</path>
         <kind>archive</kind>
         <file>rtsv7M4_T_le_v4SPD16_eabi.lib</file>
         <name>write.c.obj</name>
      </input_file>
      <input_file id="fl-db">
         <path>C:\ti\ccs1230\ccs\tools\compiler\ti-cgt-arm_20.2.7.LTS\lib\</path>
         <kind>archive</kind>
         <file>rtsv7M4_T_le_v4SPD16_eabi.lib</file>
         <name>host_device.c.obj</name>
      </input_file>
      <input_file id="fl-dc">
         <path>C:\ti\ccs1230\ccs\tools\compiler\ti-cgt-arm_20.2.7.LTS\lib\</path>
         <kind>archive</kind>
         <file>rtsv7M4_T_le_v4SPD16_eabi.lib</file>
         <name>errno.c.obj</name>
      </input_file>
      <input_file id="fl-dd">
         <path>C:\ti\ccs1230\ccs\tools\compiler\ti-cgt-arm_20.2.7.LTS\lib\</path>
         <kind>archive</kind>
         <file>rtsv7M4_T_le_v4SPD16_eabi.lib</file>
         <name>_printfi.c.obj</name>
      </input_file>
      <input_file id="fl-de">
         <path>C:\ti\ccs1230\ccs\tools\compiler\ti-cgt-arm_20.2.7.LTS\lib\</path>
         <kind>archive</kind>
         <file>rtsv7M4_T_le_v4SPD16_eabi.lib</file>
         <name>fd_cmp_t2.asm.obj</name>
      </input_file>
      <input_file id="fl-df">
         <path>C:\ti\ccs1230\ccs\tools\compiler\ti-cgt-arm_20.2.7.LTS\lib\</path>
         <kind>archive</kind>
         <file>rtsv7M4_T_le_v4SPD16_eabi.lib</file>
         <name>fd_toi_t2.asm.obj</name>
      </input_file>
      <input_file id="fl-e0">
         <path>C:\ti\ccs1230\ccs\tools\compiler\ti-cgt-arm_20.2.7.LTS\lib\</path>
         <kind>archive</kind>
         <file>rtsv7M4_T_le_v4SPD16_eabi.lib</file>
         <name>memset_t2.asm.obj</name>
      </input_file>
      <input_file id="fl-e1">
         <path>C:\ti\ccs1230\ccs\tools\compiler\ti-cgt-arm_20.2.7.LTS\lib\</path>
         <kind>archive</kind>
         <file>rtsv7M4_T_le_v4SPD16_eabi.lib</file>
         <name>ull_div_t2.asm.obj</name>
      </input_file>
      <input_file id="fl-e2">
         <path>C:\ti\ccs1230\ccs\tools\compiler\ti-cgt-arm_20.2.7.LTS\lib\</path>
         <kind>archive</kind>
         <file>rtsv7M4_T_le_v4SPD16_eabi.lib</file>
         <name>autoinit.c.obj</name>
      </input_file>
      <input_file id="fl-e3">
         <path>C:\ti\ccs1230\ccs\tools\compiler\ti-cgt-arm_20.2.7.LTS\lib\</path>
         <kind>archive</kind>
         <file>rtsv7M4_T_le_v4SPD16_eabi.lib</file>
         <name>pre_init.c.obj</name>
      </input_file>
      <input_file id="fl-e4">
         <path>C:\ti\ccs1230\ccs\tools\compiler\ti-cgt-arm_20.2.7.LTS\lib\</path>
         <kind>archive</kind>
         <file>rtsv7M4_T_le_v4SPD16_eabi.lib</file>
         <name>cpy_tbl.c.obj</name>
      </input_file>
      <input_file id="fl-e5">
         <path>C:\ti\ccs1230\ccs\tools\compiler\ti-cgt-arm_20.2.7.LTS\lib\</path>
         <kind>archive</kind>
         <file>rtsv7M4_T_le_v4SPD16_eabi.lib</file>
         <name>exit.c.obj</name>
      </input_file>
      <input_file id="fl-e6">
         <path>C:\ti\ccs1230\ccs\tools\compiler\ti-cgt-arm_20.2.7.LTS\lib\</path>
         <kind>archive</kind>
         <file>rtsv7M4_T_le_v4SPD16_eabi.lib</file>
         <name>_ltoa.c.obj</name>
      </input_file>
      <input_file id="fl-e7">
         <path>C:\ti\ccs1230\ccs\tools\compiler\ti-cgt-arm_20.2.7.LTS\lib\</path>
         <kind>archive</kind>
         <file>rtsv7M4_T_le_v4SPD16_eabi.lib</file>
         <name>args_main.c.obj</name>
      </input_file>
      <input_file id="fl-e8">
         <path>C:\ti\ccs1230\ccs\tools\compiler\ti-cgt-arm_20.2.7.LTS\lib\</path>
         <kind>archive</kind>
         <file>rtsv7M4_T_le_v4SPD16_eabi.lib</file>
         <name>atoi.c.obj</name>
      </input_file>
      <input_file id="fl-e9">
         <path>C:\ti\ccs1230\ccs\tools\compiler\ti-cgt-arm_20.2.7.LTS\lib\</path>
         <kind>archive</kind>
         <file>rtsv7M4_T_le_v4SPD16_eabi.lib</file>
         <name>ctype.c.obj</name>
      </input_file>
      <input_file id="fl-ea">
         <path>C:\ti\ccs1230\ccs\tools\compiler\ti-cgt-arm_20.2.7.LTS\lib\</path>
         <kind>archive</kind>
         <file>rtsv7M4_T_le_v4SPD16_eabi.lib</file>
         <name>memccpy.c.obj</name>
      </input_file>
      <input_file id="fl-eb">
         <path>C:\ti\ccs1230\ccs\tools\compiler\ti-cgt-arm_20.2.7.LTS\lib\</path>
         <kind>archive</kind>
         <file>rtsv7M4_T_le_v4SPD16_eabi.lib</file>
         <name>strchr.c.obj</name>
      </input_file>
      <input_file id="fl-ec">
         <path>C:\ti\ccs1230\ccs\tools\compiler\ti-cgt-arm_20.2.7.LTS\lib\</path>
         <kind>archive</kind>
         <file>rtsv7M4_T_le_v4SPD16_eabi.lib</file>
         <name>strlen.c.obj</name>
      </input_file>
      <input_file id="fl-ed">
         <path>C:\ti\ccs1230\ccs\tools\compiler\ti-cgt-arm_20.2.7.LTS\lib\</path>
         <kind>archive</kind>
         <file>rtsv7M4_T_le_v4SPD16_eabi.lib</file>
         <name>hostclose.c.obj</name>
      </input_file>
      <input_file id="fl-ee">
         <path>C:\ti\ccs1230\ccs\tools\compiler\ti-cgt-arm_20.2.7.LTS\lib\</path>
         <kind>archive</kind>
         <file>rtsv7M4_T_le_v4SPD16_eabi.lib</file>
         <name>hostlseek.c.obj</name>
      </input_file>
      <input_file id="fl-ef">
         <path>C:\ti\ccs1230\ccs\tools\compiler\ti-cgt-arm_20.2.7.LTS\lib\</path>
         <kind>archive</kind>
         <file>rtsv7M4_T_le_v4SPD16_eabi.lib</file>
         <name>hostopen.c.obj</name>
      </input_file>
      <input_file id="fl-f0">
         <path>C:\ti\ccs1230\ccs\tools\compiler\ti-cgt-arm_20.2.7.LTS\lib\</path>
         <kind>archive</kind>
         <file>rtsv7M4_T_le_v4SPD16_eabi.lib</file>
         <name>hostread.c.obj</name>
      </input_file>
      <input_file id="fl-f1">
         <path>C:\ti\ccs1230\ccs\tools\compiler\ti-cgt-arm_20.2.7.LTS\lib\</path>
         <kind>archive</kind>
         <file>rtsv7M4_T_le_v4SPD16_eabi.lib</file>
         <name>hostrename.c.obj</name>
      </input_file>
      <input_file id="fl-f2">
         <path>C:\ti\ccs1230\ccs\tools\compiler\ti-cgt-arm_20.2.7.LTS\lib\</path>
         <kind>archive</kind>
         <file>rtsv7M4_T_le_v4SPD16_eabi.lib</file>
         <name>hostunlink.c.obj</name>
      </input_file>
      <input_file id="fl-f3">
         <path>C:\ti\ccs1230\ccs\tools\compiler\ti-cgt-arm_20.2.7.LTS\lib\</path>
         <kind>archive</kind>
         <file>rtsv7M4_T_le_v4SPD16_eabi.lib</file>
         <name>hostwrite.c.obj</name>
      </input_file>
      <input_file id="fl-f4">
         <path>C:\ti\ccs1230\ccs\tools\compiler\ti-cgt-arm_20.2.7.LTS\lib\</path>
         <kind>archive</kind>
         <file>rtsv7M4_T_le_v4SPD16_eabi.lib</file>
         <name>trgmsg.c.obj</name>
      </input_file>
      <input_file id="fl-f5">
         <path>C:\ti\ccs1230\ccs\tools\compiler\ti-cgt-arm_20.2.7.LTS\lib\</path>
         <kind>archive</kind>
         <file>rtsv7M4_T_le_v4SPD16_eabi.lib</file>
         <name>wcslen.c.obj</name>
      </input_file>
      <input_file id="fl-f6">
         <path>C:\ti\ccs1230\ccs\tools\compiler\ti-cgt-arm_20.2.7.LTS\lib\</path>
         <kind>archive</kind>
         <file>rtsv7M4_T_le_v4SPD16_eabi.lib</file>
         <name>s_frexp.c.obj</name>
      </input_file>
      <input_file id="fl-f7">
         <path>C:\ti\ccs1230\ccs\tools\compiler\ti-cgt-arm_20.2.7.LTS\lib\</path>
         <kind>archive</kind>
         <file>rtsv7M4_T_le_v4SPD16_eabi.lib</file>
         <name>s_scalbn.c.obj</name>
      </input_file>
      <input_file id="fl-f8">
         <path>C:\ti\ccs1230\ccs\tools\compiler\ti-cgt-arm_20.2.7.LTS\lib\</path>
         <kind>archive</kind>
         <file>rtsv7M4_T_le_v4SPD16_eabi.lib</file>
         <name>div0.asm.obj</name>
      </input_file>
      <input_file id="fl-f9">
         <path>C:\ti\ccs1230\ccs\tools\compiler\ti-cgt-arm_20.2.7.LTS\lib\</path>
         <kind>archive</kind>
         <file>rtsv7M4_T_le_v4SPD16_eabi.lib</file>
         <name>s_copysign.c.obj</name>
      </input_file>
      <input_file id="fl-fa">
         <path>C:\ti\TivaWare_C_Series-2.2.0.295\driverlib\ccs\Debug\</path>
         <kind>archive</kind>
         <file>driverlib.lib</file>
         <name>interrupt.obj</name>
      </input_file>
      <input_file id="fl-fb">
         <path>C:\ti\TivaWare_C_Series-2.2.0.295\driverlib\ccs\Debug\</path>
         <kind>archive</kind>
         <file>driverlib.lib</file>
         <name>cpu.obj</name>
      </input_file>
   </input_file_list>
   <object_component_list>
      <object_component id="oc-12">
         <name>.intvecs</name>
         <load_address>0x0</load_address>
         <run_address>0x0</run_address>
         <size>0x26c</size>
         <input_file_ref idref="fl-8"/>
      </object_component>
      <object_component id="oc-21c">
         <name>.text:__TI_printfi</name>
         <load_address>0x26c</load_address>
         <run_address>0x26c</run_address>
         <size>0xa4e</size>
         <input_file_ref idref="fl-dd"/>
      </object_component>
      <object_component id="oc-24c">
         <name>.text:_nop</name>
         <load_address>0xcba</load_address>
         <run_address>0xcba</run_address>
         <size>0x2</size>
         <input_file_ref idref="fl-d4"/>
      </object_component>
      <object_component id="oc-141">
         <name>.text:powf</name>
         <load_address>0xcbc</load_address>
         <run_address>0xcbc</run_address>
         <size>0x58c</size>
         <input_file_ref idref="fl-c3"/>
      </object_component>
      <object_component id="oc-d7">
         <name>.text</name>
         <load_address>0x1248</load_address>
         <run_address>0x1248</run_address>
         <size>0x450</size>
         <input_file_ref idref="fl-5"/>
      </object_component>
      <object_component id="oc-dd">
         <name>.text</name>
         <load_address>0x1698</load_address>
         <run_address>0x1698</run_address>
         <size>0x328</size>
         <input_file_ref idref="fl-6"/>
      </object_component>
      <object_component id="oc-13b">
         <name>.text</name>
         <load_address>0x19c0</load_address>
         <run_address>0x19c0</run_address>
         <size>0x2c8</size>
         <input_file_ref idref="fl-4"/>
      </object_component>
      <object_component id="oc-2e7">
         <name>.text:_pconv_a</name>
         <load_address>0x1c88</load_address>
         <run_address>0x1c88</run_address>
         <size>0x270</size>
         <input_file_ref idref="fl-dd"/>
      </object_component>
      <object_component id="oc-e9">
         <name>.text</name>
         <load_address>0x1ef8</load_address>
         <run_address>0x1ef8</run_address>
         <size>0x248</size>
         <input_file_ref idref="fl-2"/>
      </object_component>
      <object_component id="oc-2d5">
         <name>.text:_pconv_g</name>
         <load_address>0x2140</load_address>
         <run_address>0x2140</run_address>
         <size>0x1d0</size>
         <input_file_ref idref="fl-dd"/>
      </object_component>
      <object_component id="oc-15d">
         <name>.text</name>
         <load_address>0x2310</load_address>
         <run_address>0x2310</run_address>
         <size>0x1b6</size>
         <input_file_ref idref="fl-ca"/>
      </object_component>
      <object_component id="oc-3c4">
         <name>.text</name>
         <load_address>0x24c6</load_address>
         <run_address>0x24c6</run_address>
         <size>0x2</size>
         <input_file_ref idref="fl-f8"/>
      </object_component>
      <object_component id="oc-14d">
         <name>.text:atanf</name>
         <load_address>0x24c8</load_address>
         <run_address>0x24c8</run_address>
         <size>0x150</size>
         <input_file_ref idref="fl-c5"/>
      </object_component>
      <object_component id="oc-2e1">
         <name>.text:_pconv_e</name>
         <load_address>0x2618</load_address>
         <run_address>0x2618</run_address>
         <size>0x13c</size>
         <input_file_ref idref="fl-dd"/>
      </object_component>
      <object_component id="oc-158">
         <name>.text</name>
         <load_address>0x2754</load_address>
         <run_address>0x2754</run_address>
         <size>0x136</size>
         <input_file_ref idref="fl-cb"/>
      </object_component>
      <object_component id="oc-373">
         <name>.text:fcvt</name>
         <load_address>0x288c</load_address>
         <run_address>0x288c</run_address>
         <size>0x124</size>
         <input_file_ref idref="fl-dd"/>
      </object_component>
      <object_component id="oc-387">
         <name>.text:scalbn</name>
         <load_address>0x29b0</load_address>
         <run_address>0x29b0</run_address>
         <size>0x110</size>
         <input_file_ref idref="fl-f7"/>
      </object_component>
      <object_component id="oc-213">
         <name>.text:aligned_alloc</name>
         <load_address>0x2ac0</load_address>
         <run_address>0x2ac0</run_address>
         <size>0x100</size>
         <input_file_ref idref="fl-d6"/>
      </object_component>
      <object_component id="oc-34c">
         <name>.text</name>
         <load_address>0x2bc0</load_address>
         <run_address>0x2bc0</run_address>
         <size>0xfc</size>
         <input_file_ref idref="fl-cc"/>
      </object_component>
      <object_component id="oc-1ed">
         <name>.text:scalbnf</name>
         <load_address>0x2cbc</load_address>
         <run_address>0x2cbc</run_address>
         <size>0xd0</size>
         <input_file_ref idref="fl-c6"/>
      </object_component>
      <object_component id="oc-a2">
         <name>.text</name>
         <load_address>0x2d8c</load_address>
         <run_address>0x2d8c</run_address>
         <size>0xc4</size>
         <input_file_ref idref="fl-3"/>
      </object_component>
      <object_component id="oc-2ca">
         <name>.text:_ltostr</name>
         <load_address>0x2e50</load_address>
         <run_address>0x2e50</run_address>
         <size>0xb1</size>
         <input_file_ref idref="fl-dd"/>
      </object_component>
      <object_component id="oc-3e">
         <name>.text</name>
         <load_address>0x2f02</load_address>
         <run_address>0x2f02</run_address>
         <size>0x9c</size>
         <input_file_ref idref="fl-d0"/>
      </object_component>
      <object_component id="oc-345">
         <name>.text</name>
         <load_address>0x2f9e</load_address>
         <run_address>0x2f9e</run_address>
         <size>0x96</size>
         <input_file_ref idref="fl-e1"/>
      </object_component>
      <object_component id="oc-2d0">
         <name>.text:__aeabi_cdcmple</name>
         <load_address>0x3034</load_address>
         <run_address>0x3034</run_address>
         <size>0x86</size>
         <input_file_ref idref="fl-de"/>
      </object_component>
      <object_component id="oc-351">
         <name>.text:__aeabi_cdrcmple</name>
         <load_address>0x30ba</load_address>
         <run_address>0x30ba</run_address>
         <size>0x86</size>
         <input_file_ref idref="fl-de"/>
      </object_component>
      <object_component id="oc-e3">
         <name>.text:fflush</name>
         <load_address>0x3140</load_address>
         <run_address>0x3140</run_address>
         <size>0x7c</size>
         <input_file_ref idref="fl-c8"/>
      </object_component>
      <object_component id="oc-96">
         <name>.text</name>
         <load_address>0x31bc</load_address>
         <run_address>0x31bc</run_address>
         <size>0x7a</size>
         <input_file_ref idref="fl-e0"/>
      </object_component>
      <object_component id="oc-2b4">
         <name>.text:split</name>
         <load_address>0x3238</load_address>
         <run_address>0x3238</run_address>
         <size>0x70</size>
         <input_file_ref idref="fl-d6"/>
      </object_component>
      <object_component id="oc-36c">
         <name>.text:_mcpy</name>
         <load_address>0x32a8</load_address>
         <run_address>0x32a8</run_address>
         <size>0x6e</size>
         <input_file_ref idref="fl-dd"/>
      </object_component>
      <object_component id="oc-162">
         <name>.text</name>
         <load_address>0x3316</load_address>
         <run_address>0x3316</run_address>
         <size>0x6e</size>
         <input_file_ref idref="fl-cd"/>
      </object_component>
      <object_component id="oc-412">
         <name>.text:HOSTrename</name>
         <load_address>0x3384</load_address>
         <run_address>0x3384</run_address>
         <size>0x6c</size>
         <input_file_ref idref="fl-f1"/>
      </object_component>
      <object_component id="oc-406">
         <name>.text:HOSTlseek</name>
         <load_address>0x33f0</load_address>
         <run_address>0x33f0</run_address>
         <size>0x68</size>
         <input_file_ref idref="fl-ee"/>
      </object_component>
      <object_component id="oc-15">
         <name>.text:decompress:lzss:__TI_decompress_lzss</name>
         <load_address>0x3458</load_address>
         <run_address>0x3458</run_address>
         <size>0x68</size>
         <input_file_ref idref="fl-d3"/>
      </object_component>
      <object_component id="oc-381">
         <name>.text:frexp</name>
         <load_address>0x34c0</load_address>
         <run_address>0x34c0</run_address>
         <size>0x64</size>
         <input_file_ref idref="fl-f6"/>
      </object_component>
      <object_component id="oc-3ee">
         <name>.text:HOSTopen</name>
         <load_address>0x3524</load_address>
         <run_address>0x3524</run_address>
         <size>0x60</size>
         <input_file_ref idref="fl-ef"/>
      </object_component>
      <object_component id="oc-3fa">
         <name>.text:HOSTread</name>
         <load_address>0x3584</load_address>
         <run_address>0x3584</run_address>
         <size>0x58</size>
         <input_file_ref idref="fl-f0"/>
      </object_component>
      <object_component id="oc-400">
         <name>.text:HOSTwrite</name>
         <load_address>0x35dc</load_address>
         <run_address>0x35dc</run_address>
         <size>0x58</size>
         <input_file_ref idref="fl-f3"/>
      </object_component>
      <object_component id="oc-2db">
         <name>.text:_pconv_f</name>
         <load_address>0x3634</load_address>
         <run_address>0x3634</run_address>
         <size>0x56</size>
         <input_file_ref idref="fl-dd"/>
      </object_component>
      <object_component id="oc-35b">
         <name>.text:__TI_ltoa</name>
         <load_address>0x368a</load_address>
         <run_address>0x368a</run_address>
         <size>0x54</size>
         <input_file_ref idref="fl-e6"/>
      </object_component>
      <object_component id="oc-366">
         <name>.text:_ecpy</name>
         <load_address>0x36de</load_address>
         <run_address>0x36de</run_address>
         <size>0x52</size>
         <input_file_ref idref="fl-dd"/>
      </object_component>
      <object_component id="oc-19a">
         <name>.text:__TI_doflush</name>
         <load_address>0x3730</load_address>
         <run_address>0x3730</run_address>
         <size>0x4c</size>
         <input_file_ref idref="fl-c8"/>
      </object_component>
      <object_component id="oc-2c4">
         <name>.text:atoi</name>
         <load_address>0x377c</load_address>
         <run_address>0x377c</run_address>
         <size>0x4c</size>
         <input_file_ref idref="fl-e8"/>
      </object_component>
      <object_component id="oc-356">
         <name>.text</name>
         <load_address>0x37c8</load_address>
         <run_address>0x37c8</run_address>
         <size>0x48</size>
         <input_file_ref idref="fl-df"/>
      </object_component>
      <object_component id="oc-3f4">
         <name>.text:HOSTclose</name>
         <load_address>0x3810</load_address>
         <run_address>0x3810</run_address>
         <size>0x44</size>
         <input_file_ref idref="fl-ed"/>
      </object_component>
      <object_component id="oc-40c">
         <name>.text:HOSTunlink</name>
         <load_address>0x3854</load_address>
         <run_address>0x3854</run_address>
         <size>0x44</size>
         <input_file_ref idref="fl-f2"/>
      </object_component>
      <object_component id="oc-107">
         <name>.text:__TI_auto_init_nobinit_nopinit:__TI_auto_init_nobinit_nopinit</name>
         <load_address>0x3898</load_address>
         <run_address>0x3898</run_address>
         <size>0x44</size>
         <input_file_ref idref="fl-e2"/>
      </object_component>
      <object_component id="oc-17e">
         <name>.text:vsnprintf</name>
         <load_address>0x38dc</load_address>
         <run_address>0x38dc</run_address>
         <size>0x40</size>
         <input_file_ref idref="fl-c7"/>
      </object_component>
      <object_component id="oc-379">
         <name>.text:_fcpy</name>
         <load_address>0x391c</load_address>
         <run_address>0x391c</run_address>
         <size>0x3e</size>
         <input_file_ref idref="fl-dd"/>
      </object_component>
      <object_component id="oc-428">
         <name>.text:__TI_writemsg</name>
         <load_address>0x395c</load_address>
         <run_address>0x395c</run_address>
         <size>0x38</size>
         <input_file_ref idref="fl-f4"/>
      </object_component>
      <object_component id="oc-1e0">
         <name>.text:calloc</name>
         <load_address>0x3994</load_address>
         <run_address>0x3994</run_address>
         <size>0x38</size>
         <input_file_ref idref="fl-d6"/>
      </object_component>
      <object_component id="oc-153">
         <name>.text</name>
         <load_address>0x39cc</load_address>
         <run_address>0x39cc</run_address>
         <size>0x38</size>
         <input_file_ref idref="fl-ce"/>
      </object_component>
      <object_component id="oc-1a8">
         <name>.text:IntRegister</name>
         <load_address>0x3a04</load_address>
         <run_address>0x3a04</run_address>
         <size>0x34</size>
         <input_file_ref idref="fl-fa"/>
      </object_component>
      <object_component id="oc-42e">
         <name>.text:__TI_readmsg</name>
         <load_address>0x3a38</load_address>
         <run_address>0x3a38</run_address>
         <size>0x34</size>
         <input_file_ref idref="fl-f4"/>
      </object_component>
      <object_component id="oc-5c">
         <name>.text:_c_int00_noargs:_c_int00_noargs</name>
         <load_address>0x3a6c</load_address>
         <run_address>0x3a6c</run_address>
         <size>0x34</size>
         <input_file_ref idref="fl-d9"/>
      </object_component>
      <object_component id="oc-222">
         <name>.text:_outs</name>
         <load_address>0x3aa0</load_address>
         <run_address>0x3aa0</run_address>
         <size>0x30</size>
         <input_file_ref idref="fl-c7"/>
      </object_component>
      <object_component id="oc-361">
         <name>.text</name>
         <load_address>0x3ad0</load_address>
         <run_address>0x3ad0</run_address>
         <size>0x2e</size>
         <input_file_ref idref="fl-cf"/>
      </object_component>
      <object_component id="oc-2ae">
         <name>.text:free_list_insert</name>
         <load_address>0x3b00</load_address>
         <run_address>0x3b00</run_address>
         <size>0x28</size>
         <input_file_ref idref="fl-d6"/>
      </object_component>
      <object_component id="oc-147">
         <name>.text:sqrtf</name>
         <load_address>0x3b28</load_address>
         <run_address>0x3b28</run_address>
         <size>0x28</size>
         <input_file_ref idref="fl-c4"/>
      </object_component>
      <object_component id="oc-245">
         <name>.text:write</name>
         <load_address>0x3b50</load_address>
         <run_address>0x3b50</run_address>
         <size>0x28</size>
         <input_file_ref idref="fl-da"/>
      </object_component>
      <object_component id="oc-2a8">
         <name>.text:free_list_remove</name>
         <load_address>0x3b78</load_address>
         <run_address>0x3b78</run_address>
         <size>0x1c</size>
         <input_file_ref idref="fl-d6"/>
      </object_component>
      <object_component id="oc-2ed">
         <name>.text:memccpy</name>
         <load_address>0x3b94</load_address>
         <run_address>0x3b94</run_address>
         <size>0x1c</size>
         <input_file_ref idref="fl-ea"/>
      </object_component>
      <object_component id="oc-3d6">
         <name>.text:copysign</name>
         <load_address>0x3bb0</load_address>
         <run_address>0x3bb0</run_address>
         <size>0x1a</size>
         <input_file_ref idref="fl-f9"/>
      </object_component>
      <object_component id="oc-228">
         <name>.text:_outc</name>
         <load_address>0x3bca</load_address>
         <run_address>0x3bca</run_address>
         <size>0x18</size>
         <input_file_ref idref="fl-c7"/>
      </object_component>
      <object_component id="oc-287">
         <name>.text:copysignf</name>
         <load_address>0x3be2</load_address>
         <run_address>0x3be2</run_address>
         <size>0x18</size>
         <input_file_ref idref="fl-c9"/>
      </object_component>
      <object_component id="oc-184">
         <name>.text:strcmp</name>
         <load_address>0x3bfa</load_address>
         <run_address>0x3bfa</run_address>
         <size>0x18</size>
         <input_file_ref idref="fl-d7"/>
      </object_component>
      <object_component id="oc-38d">
         <name>.text:strchr</name>
         <load_address>0x3c12</load_address>
         <run_address>0x3c12</run_address>
         <size>0x16</size>
         <input_file_ref idref="fl-eb"/>
      </object_component>
      <object_component id="oc-18a">
         <name>.text:strcpy</name>
         <load_address>0x3c28</load_address>
         <run_address>0x3c28</run_address>
         <size>0x14</size>
         <input_file_ref idref="fl-d8"/>
      </object_component>
      <object_component id="oc-2be">
         <name>.text:strlen</name>
         <load_address>0x3c3c</load_address>
         <run_address>0x3c3c</run_address>
         <size>0x14</size>
         <input_file_ref idref="fl-ec"/>
      </object_component>
      <object_component id="oc-2f3">
         <name>.text:wcslen</name>
         <load_address>0x3c50</load_address>
         <run_address>0x3c50</run_address>
         <size>0x12</size>
         <input_file_ref idref="fl-f5"/>
      </object_component>
      <object_component id="oc-ef">
         <name>.text:lcd_clear</name>
         <load_address>0x3c62</load_address>
         <run_address>0x3c62</run_address>
         <size>0x10</size>
         <input_file_ref idref="fl-6"/>
      </object_component>
      <object_component id="oc-1b">
         <name>.text:decompress:none:__TI_decompress_none</name>
         <load_address>0x3c72</load_address>
         <run_address>0x3c72</run_address>
         <size>0xe</size>
         <input_file_ref idref="fl-d2"/>
      </object_component>
      <object_component id="oc-50">
         <name>.text:decompress:ZI:__TI_zero_init</name>
         <load_address>0x3c80</load_address>
         <run_address>0x3c80</run_address>
         <size>0xc</size>
         <input_file_ref idref="fl-d1"/>
      </object_component>
      <object_component id="oc-2a">
         <name>.text</name>
         <load_address>0x3c8c</load_address>
         <run_address>0x3c8c</run_address>
         <size>0xc</size>
         <input_file_ref idref="fl-8"/>
      </object_component>
      <object_component id="oc-1f3">
         <name>.text:__aeabi_errno_addr</name>
         <load_address>0x3c98</load_address>
         <run_address>0x3c98</run_address>
         <size>0x8</size>
         <input_file_ref idref="fl-dc"/>
      </object_component>
      <object_component id="oc-167">
         <name>.text:malloc</name>
         <load_address>0x3ca0</load_address>
         <run_address>0x3ca0</run_address>
         <size>0x8</size>
         <input_file_ref idref="fl-d6"/>
      </object_component>
      <object_component id="oc-9c">
         <name>.text:_system_pre_init</name>
         <load_address>0x3ca8</load_address>
         <run_address>0x3ca8</run_address>
         <size>0x4</size>
         <input_file_ref idref="fl-e3"/>
      </object_component>
      <object_component id="oc-fb">
         <name>.text:abort:abort</name>
         <load_address>0x3cac</load_address>
         <run_address>0x3cac</run_address>
         <size>0x4</size>
         <input_file_ref idref="fl-e5"/>
      </object_component>
      <object_component id="oc-340">
         <name>.const:.string:_ctypes_</name>
         <load_address>0x3cb0</load_address>
         <run_address>0x3cb0</run_address>
         <size>0x101</size>
         <input_file_ref idref="fl-e9"/>
      </object_component>
      <object_component id="oc-206">
         <name>.const:$O1$$</name>
         <load_address>0x3db4</load_address>
         <run_address>0x3db4</run_address>
         <size>0x34</size>
         <input_file_ref idref="fl-c5"/>
      </object_component>
      <object_component id="oc-1f9">
         <name>.const:$O1$$</name>
         <load_address>0x3de8</load_address>
         <run_address>0x3de8</run_address>
         <size>0x18</size>
         <input_file_ref idref="fl-c3"/>
      </object_component>
      <object_component id="oc-190">
         <name>.const:.string:lineAddress$1</name>
         <load_address>0x3e00</load_address>
         <run_address>0x3e00</run_address>
         <size>0x4</size>
         <input_file_ref idref="fl-6"/>
      </object_component>
      <object_component id="oc-191">
         <name>.const:.string:lineAddresses$2</name>
         <load_address>0x3e04</load_address>
         <run_address>0x3e04</run_address>
         <size>0x4</size>
         <input_file_ref idref="fl-6"/>
      </object_component>
      <object_component id="oc-488">
         <name>.cinit..data.load</name>
         <load_address>0x3e08</load_address>
         <run_address>0x3e08</run_address>
         <size>0x66</size>
      </object_component>
      <object_component id="oc-485">
         <name>__TI_handler_table</name>
         <load_address>0x3e70</load_address>
         <run_address>0x3e70</run_address>
         <size>0xc</size>
      </object_component>
      <object_component id="oc-489">
         <name>.cinit..bss.load</name>
         <load_address>0x3e80</load_address>
         <run_address>0x3e80</run_address>
         <size>0x8</size>
      </object_component>
      <object_component id="oc-487">
         <name>.cinit..vtable.load</name>
         <load_address>0x3e88</load_address>
         <run_address>0x3e88</run_address>
         <size>0x8</size>
      </object_component>
      <object_component id="oc-486">
         <name>__TI_cinit_table</name>
         <load_address>0x3e90</load_address>
         <run_address>0x3e90</run_address>
         <size>0x18</size>
      </object_component>
      <object_component id="oc-25f">
         <name>.vtable</name>
         <uninitialized>true</uninitialized>
         <run_address>0x20000000</run_address>
         <size>0x26c</size>
         <input_file_ref idref="fl-fa"/>
      </object_component>
      <object_component id="oc-1ae">
         <name>.data</name>
         <load_address>0x2000244c</load_address>
         <run_address>0x2000244c</run_address>
         <size>0x1</size>
         <input_file_ref idref="fl-2"/>
      </object_component>
      <object_component id="oc-1a0">
         <name>.data:$O1$$</name>
         <load_address>0x20002438</load_address>
         <run_address>0x20002438</run_address>
         <size>0x8</size>
         <input_file_ref idref="fl-d4"/>
      </object_component>
      <object_component id="oc-f6">
         <name>.data:_ftable</name>
         <load_address>0x20002270</load_address>
         <run_address>0x20002270</run_address>
         <size>0xf0</size>
         <input_file_ref idref="fl-d5"/>
      </object_component>
      <object_component id="oc-1a3">
         <name>.data</name>
         <load_address>0x20002428</load_address>
         <run_address>0x20002428</run_address>
         <size>0x10</size>
         <input_file_ref idref="fl-d5"/>
      </object_component>
      <object_component id="oc-2ba">
         <name>.data:$O1$$</name>
         <load_address>0x20002440</load_address>
         <run_address>0x20002440</run_address>
         <size>0x8</size>
         <input_file_ref idref="fl-d6"/>
      </object_component>
      <object_component id="oc-3a9">
         <name>.data:_device</name>
         <load_address>0x20002360</load_address>
         <run_address>0x20002360</run_address>
         <size>0x78</size>
         <input_file_ref idref="fl-db"/>
      </object_component>
      <object_component id="oc-30d">
         <name>.data:_stream</name>
         <load_address>0x200023d8</load_address>
         <run_address>0x200023d8</run_address>
         <size>0x50</size>
         <input_file_ref idref="fl-db"/>
      </object_component>
      <object_component id="oc-28f">
         <name>.data</name>
         <load_address>0x20002448</load_address>
         <run_address>0x20002448</run_address>
         <size>0x4</size>
         <input_file_ref idref="fl-dc"/>
      </object_component>
      <object_component id="oc-192">
         <name>.bss:lastbuffer$3</name>
         <uninitialized>true</uninitialized>
         <run_address>0x20002570</run_address>
         <size>0x54</size>
         <input_file_ref idref="fl-6"/>
      </object_component>
      <object_component id="oc-444">
         <name>.bss:_CIOBUF_</name>
         <uninitialized>true</uninitialized>
         <run_address>0x20002450</run_address>
         <size>0x120</size>
         <input_file_ref idref="fl-f4"/>
      </object_component>
      <object_component id="oc-1b1">
         <name>.common:_timeout_ticks</name>
         <uninitialized>true</uninitialized>
         <run_address>0x200025cc</run_address>
         <size>0x4</size>
      </object_component>
      <object_component id="oc-434">
         <name>.common:parmbuf</name>
         <uninitialized>true</uninitialized>
         <run_address>0x200025c4</run_address>
         <size>0x8</size>
      </object_component>
      <object_component id="oc-24">
         <name>.sysmem</name>
         <uninitialized>true</uninitialized>
         <run_address>0x20001270</run_address>
         <size>0x10</size>
         <input_file_ref idref="fl-d6"/>
      </object_component>
      <object_component id="oc-48c">
         <name>.sysmem</name>
         <uninitialized>true</uninitialized>
         <run_address>0x20001270</run_address>
         <size>0x0</size>
      </object_component>
      <object_component id="oc-27">
         <name>.stack</name>
         <uninitialized>true</uninitialized>
         <run_address>0x20000270</run_address>
         <size>0x4</size>
         <input_file_ref idref="fl-d9"/>
      </object_component>
      <object_component id="oc-48b">
         <name>.stack</name>
         <uninitialized>true</uninitialized>
         <run_address>0x20000270</run_address>
         <size>0x0</size>
      </object_component>
      <object_component id="oc-c5">
         <name>.debug_info</name>
         <load_address>0x0</load_address>
         <run_address>0x0</run_address>
         <size>0x2c4</size>
         <input_file_ref idref="fl-2"/>
      </object_component>
      <object_component id="oc-1af">
         <name>.debug_info</name>
         <load_address>0x2c4</load_address>
         <run_address>0x2c4</run_address>
         <size>0xd2</size>
         <input_file_ref idref="fl-2"/>
      </object_component>
      <object_component id="oc-ea">
         <name>.debug_info</name>
         <load_address>0x396</load_address>
         <run_address>0x396</run_address>
         <size>0x51a</size>
         <input_file_ref idref="fl-2"/>
      </object_component>
      <object_component id="oc-77">
         <name>.debug_info</name>
         <load_address>0x8b0</load_address>
         <run_address>0x8b0</run_address>
         <size>0x26b</size>
         <input_file_ref idref="fl-2"/>
      </object_component>
      <object_component id="oc-39">
         <name>.debug_info</name>
         <load_address>0xb1b</load_address>
         <run_address>0xb1b</run_address>
         <size>0x84</size>
         <input_file_ref idref="fl-2"/>
      </object_component>
      <object_component id="oc-c0">
         <name>.debug_info</name>
         <load_address>0xb9f</load_address>
         <run_address>0xb9f</run_address>
         <size>0x2a4</size>
         <input_file_ref idref="fl-2"/>
      </object_component>
      <object_component id="oc-7c">
         <name>.debug_info</name>
         <load_address>0xe43</load_address>
         <run_address>0xe43</run_address>
         <size>0xbb</size>
         <input_file_ref idref="fl-2"/>
      </object_component>
      <object_component id="oc-fa">
         <name>.debug_info</name>
         <load_address>0xefe</load_address>
         <run_address>0xefe</run_address>
         <size>0x44c</size>
         <input_file_ref idref="fl-3"/>
      </object_component>
      <object_component id="oc-a3">
         <name>.debug_info</name>
         <load_address>0x134a</load_address>
         <run_address>0x134a</run_address>
         <size>0x290</size>
         <input_file_ref idref="fl-3"/>
      </object_component>
      <object_component id="oc-173">
         <name>.debug_info</name>
         <load_address>0x15da</load_address>
         <run_address>0x15da</run_address>
         <size>0x26f</size>
         <input_file_ref idref="fl-3"/>
      </object_component>
      <object_component id="oc-1e7">
         <name>.debug_info</name>
         <load_address>0x1849</load_address>
         <run_address>0x1849</run_address>
         <size>0x53</size>
         <input_file_ref idref="fl-3"/>
      </object_component>
      <object_component id="oc-1b9">
         <name>.debug_info</name>
         <load_address>0x189c</load_address>
         <run_address>0x189c</run_address>
         <size>0xbf</size>
         <input_file_ref idref="fl-3"/>
      </object_component>
      <object_component id="oc-195">
         <name>.debug_info</name>
         <load_address>0x195b</load_address>
         <run_address>0x195b</run_address>
         <size>0x2c</size>
         <input_file_ref idref="fl-3"/>
      </object_component>
      <object_component id="oc-1be">
         <name>.debug_info</name>
         <load_address>0x1987</load_address>
         <run_address>0x1987</run_address>
         <size>0x35</size>
         <input_file_ref idref="fl-3"/>
      </object_component>
      <object_component id="oc-1ec">
         <name>.debug_info</name>
         <load_address>0x19bc</load_address>
         <run_address>0x19bc</run_address>
         <size>0x2b6</size>
         <input_file_ref idref="fl-4"/>
      </object_component>
      <object_component id="oc-13f">
         <name>.debug_info</name>
         <load_address>0x1c72</load_address>
         <run_address>0x1c72</run_address>
         <size>0x462</size>
         <input_file_ref idref="fl-4"/>
      </object_component>
      <object_component id="oc-178">
         <name>.debug_info</name>
         <load_address>0x20d4</load_address>
         <run_address>0x20d4</run_address>
         <size>0x457</size>
         <input_file_ref idref="fl-5"/>
      </object_component>
      <object_component id="oc-da">
         <name>.debug_info</name>
         <load_address>0x252b</load_address>
         <run_address>0x252b</run_address>
         <size>0xa8e</size>
         <input_file_ref idref="fl-5"/>
      </object_component>
      <object_component id="oc-179">
         <name>.debug_info</name>
         <load_address>0x2fb9</load_address>
         <run_address>0x2fb9</run_address>
         <size>0x110</size>
         <input_file_ref idref="fl-5"/>
      </object_component>
      <object_component id="oc-16e">
         <name>.debug_info</name>
         <load_address>0x30c9</load_address>
         <run_address>0x30c9</run_address>
         <size>0x8b</size>
         <input_file_ref idref="fl-5"/>
      </object_component>
      <object_component id="oc-194">
         <name>.debug_info</name>
         <load_address>0x3154</load_address>
         <run_address>0x3154</run_address>
         <size>0x392</size>
         <input_file_ref idref="fl-6"/>
      </object_component>
      <object_component id="oc-f0">
         <name>.debug_info</name>
         <load_address>0x34e6</load_address>
         <run_address>0x34e6</run_address>
         <size>0x127</size>
         <input_file_ref idref="fl-6"/>
      </object_component>
      <object_component id="oc-de">
         <name>.debug_info</name>
         <load_address>0x360d</load_address>
         <run_address>0x360d</run_address>
         <size>0x8b3</size>
         <input_file_ref idref="fl-6"/>
      </object_component>
      <object_component id="oc-240">
         <name>.debug_info</name>
         <load_address>0x3ec0</load_address>
         <run_address>0x3ec0</run_address>
         <size>0xcc</size>
         <input_file_ref idref="fl-6"/>
      </object_component>
      <object_component id="oc-32">
         <name>.debug_info</name>
         <load_address>0x3f8c</load_address>
         <run_address>0x3f8c</run_address>
         <size>0x2ae</size>
         <input_file_ref idref="fl-8"/>
      </object_component>
      <object_component id="oc-13">
         <name>.debug_info</name>
         <load_address>0x423a</load_address>
         <run_address>0x423a</run_address>
         <size>0xed</size>
         <input_file_ref idref="fl-8"/>
      </object_component>
      <object_component id="oc-2d">
         <name>.debug_info</name>
         <load_address>0x4327</load_address>
         <run_address>0x4327</run_address>
         <size>0x269</size>
         <input_file_ref idref="fl-8"/>
      </object_component>
      <object_component id="oc-202">
         <name>.debug_info</name>
         <load_address>0x4590</load_address>
         <run_address>0x4590</run_address>
         <size>0x35e</size>
         <input_file_ref idref="fl-c3"/>
      </object_component>
      <object_component id="oc-1fa">
         <name>.debug_info</name>
         <load_address>0x48ee</load_address>
         <run_address>0x48ee</run_address>
         <size>0x129</size>
         <input_file_ref idref="fl-c3"/>
      </object_component>
      <object_component id="oc-143">
         <name>.debug_info</name>
         <load_address>0x4a17</load_address>
         <run_address>0x4a17</run_address>
         <size>0x323</size>
         <input_file_ref idref="fl-c3"/>
      </object_component>
      <object_component id="oc-296">
         <name>.debug_info</name>
         <load_address>0x4d3a</load_address>
         <run_address>0x4d3a</run_address>
         <size>0x46</size>
         <input_file_ref idref="fl-c3"/>
      </object_component>
      <object_component id="oc-1fd">
         <name>.debug_info</name>
         <load_address>0x4d80</load_address>
         <run_address>0x4d80</run_address>
         <size>0x39</size>
         <input_file_ref idref="fl-c3"/>
      </object_component>
      <object_component id="oc-205">
         <name>.debug_info</name>
         <load_address>0x4db9</load_address>
         <run_address>0x4db9</run_address>
         <size>0x2c1</size>
         <input_file_ref idref="fl-c4"/>
      </object_component>
      <object_component id="oc-14b">
         <name>.debug_info</name>
         <load_address>0x507a</load_address>
         <run_address>0x507a</run_address>
         <size>0x171</size>
         <input_file_ref idref="fl-c4"/>
      </object_component>
      <object_component id="oc-2a1">
         <name>.debug_info</name>
         <load_address>0x51eb</load_address>
         <run_address>0x51eb</run_address>
         <size>0x2ee</size>
         <input_file_ref idref="fl-c5"/>
      </object_component>
      <object_component id="oc-207">
         <name>.debug_info</name>
         <load_address>0x54d9</load_address>
         <run_address>0x54d9</run_address>
         <size>0x132</size>
         <input_file_ref idref="fl-c5"/>
      </object_component>
      <object_component id="oc-150">
         <name>.debug_info</name>
         <load_address>0x560b</load_address>
         <run_address>0x560b</run_address>
         <size>0x1ad</size>
         <input_file_ref idref="fl-c5"/>
      </object_component>
      <object_component id="oc-2a3">
         <name>.debug_info</name>
         <load_address>0x57b8</load_address>
         <run_address>0x57b8</run_address>
         <size>0x39</size>
         <input_file_ref idref="fl-c5"/>
      </object_component>
      <object_component id="oc-20a">
         <name>.debug_info</name>
         <load_address>0x57f1</load_address>
         <run_address>0x57f1</run_address>
         <size>0x2c</size>
         <input_file_ref idref="fl-c5"/>
      </object_component>
      <object_component id="oc-28e">
         <name>.debug_info</name>
         <load_address>0x581d</load_address>
         <run_address>0x581d</run_address>
         <size>0x2f6</size>
         <input_file_ref idref="fl-c6"/>
      </object_component>
      <object_component id="oc-1ee">
         <name>.debug_info</name>
         <load_address>0x5b13</load_address>
         <run_address>0x5b13</run_address>
         <size>0x1cc</size>
         <input_file_ref idref="fl-c6"/>
      </object_component>
      <object_component id="oc-22f">
         <name>.debug_info</name>
         <load_address>0x5cdf</load_address>
         <run_address>0x5cdf</run_address>
         <size>0x340</size>
         <input_file_ref idref="fl-c7"/>
      </object_component>
      <object_component id="oc-182">
         <name>.debug_info</name>
         <load_address>0x601f</load_address>
         <run_address>0x601f</run_address>
         <size>0x208</size>
         <input_file_ref idref="fl-c7"/>
      </object_component>
      <object_component id="oc-223">
         <name>.debug_info</name>
         <load_address>0x6227</load_address>
         <run_address>0x6227</run_address>
         <size>0x1c6</size>
         <input_file_ref idref="fl-c7"/>
      </object_component>
      <object_component id="oc-22c">
         <name>.debug_info</name>
         <load_address>0x63ed</load_address>
         <run_address>0x63ed</run_address>
         <size>0x179</size>
         <input_file_ref idref="fl-c7"/>
      </object_component>
      <object_component id="oc-230">
         <name>.debug_info</name>
         <load_address>0x6566</load_address>
         <run_address>0x6566</run_address>
         <size>0x2c</size>
         <input_file_ref idref="fl-c7"/>
      </object_component>
      <object_component id="oc-235">
         <name>.debug_info</name>
         <load_address>0x6592</load_address>
         <run_address>0x6592</run_address>
         <size>0x69</size>
         <input_file_ref idref="fl-c7"/>
      </object_component>
      <object_component id="oc-1a7">
         <name>.debug_info</name>
         <load_address>0x65fb</load_address>
         <run_address>0x65fb</run_address>
         <size>0x347</size>
         <input_file_ref idref="fl-c8"/>
      </object_component>
      <object_component id="oc-19e">
         <name>.debug_info</name>
         <load_address>0x6942</load_address>
         <run_address>0x6942</run_address>
         <size>0x18a</size>
         <input_file_ref idref="fl-c8"/>
      </object_component>
      <object_component id="oc-e7">
         <name>.debug_info</name>
         <load_address>0x6acc</load_address>
         <run_address>0x6acc</run_address>
         <size>0x1c8</size>
         <input_file_ref idref="fl-c8"/>
      </object_component>
      <object_component id="oc-25a">
         <name>.debug_info</name>
         <load_address>0x6c94</load_address>
         <run_address>0x6c94</run_address>
         <size>0xb2</size>
         <input_file_ref idref="fl-c8"/>
      </object_component>
      <object_component id="oc-330">
         <name>.debug_info</name>
         <load_address>0x6d46</load_address>
         <run_address>0x6d46</run_address>
         <size>0x289</size>
         <input_file_ref idref="fl-c9"/>
      </object_component>
      <object_component id="oc-28a">
         <name>.debug_info</name>
         <load_address>0x6fcf</load_address>
         <run_address>0x6fcf</run_address>
         <size>0x17e</size>
         <input_file_ref idref="fl-c9"/>
      </object_component>
      <object_component id="oc-160">
         <name>.debug_info</name>
         <load_address>0x714d</load_address>
         <run_address>0x714d</run_address>
         <size>0x14c</size>
         <input_file_ref idref="fl-ca"/>
      </object_component>
      <object_component id="oc-159">
         <name>.debug_info</name>
         <load_address>0x7299</load_address>
         <run_address>0x7299</run_address>
         <size>0x13a</size>
         <input_file_ref idref="fl-cb"/>
      </object_component>
      <object_component id="oc-34f">
         <name>.debug_info</name>
         <load_address>0x73d3</load_address>
         <run_address>0x73d3</run_address>
         <size>0x13a</size>
         <input_file_ref idref="fl-cc"/>
      </object_component>
      <object_component id="oc-164">
         <name>.debug_info</name>
         <load_address>0x750d</load_address>
         <run_address>0x750d</run_address>
         <size>0x13e</size>
         <input_file_ref idref="fl-cd"/>
      </object_component>
      <object_component id="oc-156">
         <name>.debug_info</name>
         <load_address>0x764b</load_address>
         <run_address>0x764b</run_address>
         <size>0x12c</size>
         <input_file_ref idref="fl-ce"/>
      </object_component>
      <object_component id="oc-362">
         <name>.debug_info</name>
         <load_address>0x7777</load_address>
         <run_address>0x7777</run_address>
         <size>0x12c</size>
         <input_file_ref idref="fl-cf"/>
      </object_component>
      <object_component id="oc-3f">
         <name>.debug_info</name>
         <load_address>0x78a3</load_address>
         <run_address>0x78a3</run_address>
         <size>0x119</size>
         <input_file_ref idref="fl-d0"/>
      </object_component>
      <object_component id="oc-95">
         <name>.debug_info</name>
         <load_address>0x79bc</load_address>
         <run_address>0x79bc</run_address>
         <size>0x2d4</size>
         <input_file_ref idref="fl-d1"/>
      </object_component>
      <object_component id="oc-51">
         <name>.debug_info</name>
         <load_address>0x7c90</load_address>
         <run_address>0x7c90</run_address>
         <size>0x1b5</size>
         <input_file_ref idref="fl-d1"/>
      </object_component>
      <object_component id="oc-90">
         <name>.debug_info</name>
         <load_address>0x7e45</load_address>
         <run_address>0x7e45</run_address>
         <size>0x46</size>
         <input_file_ref idref="fl-d1"/>
      </object_component>
      <object_component id="oc-ce">
         <name>.debug_info</name>
         <load_address>0x7e8b</load_address>
         <run_address>0x7e8b</run_address>
         <size>0x2c</size>
         <input_file_ref idref="fl-d1"/>
      </object_component>
      <object_component id="oc-49">
         <name>.debug_info</name>
         <load_address>0x7eb7</load_address>
         <run_address>0x7eb7</run_address>
         <size>0x2a8</size>
         <input_file_ref idref="fl-d2"/>
      </object_component>
      <object_component id="oc-1d">
         <name>.debug_info</name>
         <load_address>0x815f</load_address>
         <run_address>0x815f</run_address>
         <size>0x1ea</size>
         <input_file_ref idref="fl-d2"/>
      </object_component>
      <object_component id="oc-44">
         <name>.debug_info</name>
         <load_address>0x8349</load_address>
         <run_address>0x8349</run_address>
         <size>0x46</size>
         <input_file_ref idref="fl-d2"/>
      </object_component>
      <object_component id="oc-88">
         <name>.debug_info</name>
         <load_address>0x838f</load_address>
         <run_address>0x838f</run_address>
         <size>0x2c</size>
         <input_file_ref idref="fl-d2"/>
      </object_component>
      <object_component id="oc-86">
         <name>.debug_info</name>
         <load_address>0x83bb</load_address>
         <run_address>0x83bb</run_address>
         <size>0x29e</size>
         <input_file_ref idref="fl-d3"/>
      </object_component>
      <object_component id="oc-18">
         <name>.debug_info</name>
         <load_address>0x8659</load_address>
         <run_address>0x8659</run_address>
         <size>0x250</size>
         <input_file_ref idref="fl-d3"/>
      </object_component>
      <object_component id="oc-34">
         <name>.debug_info</name>
         <load_address>0x88a9</load_address>
         <run_address>0x88a9</run_address>
         <size>0x60</size>
         <input_file_ref idref="fl-d3"/>
      </object_component>
      <object_component id="oc-c7">
         <name>.debug_info</name>
         <load_address>0x8909</load_address>
         <run_address>0x8909</run_address>
         <size>0x46</size>
         <input_file_ref idref="fl-d3"/>
      </object_component>
      <object_component id="oc-81">
         <name>.debug_info</name>
         <load_address>0x894f</load_address>
         <run_address>0x894f</run_address>
         <size>0x39</size>
         <input_file_ref idref="fl-d3"/>
      </object_component>
      <object_component id="oc-254">
         <name>.debug_info</name>
         <load_address>0x8988</load_address>
         <run_address>0x8988</run_address>
         <size>0x2c9</size>
         <input_file_ref idref="fl-d4"/>
      </object_component>
      <object_component id="oc-1a1">
         <name>.debug_info</name>
         <load_address>0x8c51</load_address>
         <run_address>0x8c51</run_address>
         <size>0x11e</size>
         <input_file_ref idref="fl-d4"/>
      </object_component>
      <object_component id="oc-250">
         <name>.debug_info</name>
         <load_address>0x8d6f</load_address>
         <run_address>0x8d6f</run_address>
         <size>0x12e</size>
         <input_file_ref idref="fl-d4"/>
      </object_component>
      <object_component id="oc-1b5">
         <name>.debug_info</name>
         <load_address>0x8e9d</load_address>
         <run_address>0x8e9d</run_address>
         <size>0x144</size>
         <input_file_ref idref="fl-d5"/>
      </object_component>
      <object_component id="oc-f7">
         <name>.debug_info</name>
         <load_address>0x8fe1</load_address>
         <run_address>0x8fe1</run_address>
         <size>0x102</size>
         <input_file_ref idref="fl-d5"/>
      </object_component>
      <object_component id="oc-1a4">
         <name>.debug_info</name>
         <load_address>0x90e3</load_address>
         <run_address>0x90e3</run_address>
         <size>0x18f</size>
         <input_file_ref idref="fl-d5"/>
      </object_component>
      <object_component id="oc-70">
         <name>.debug_info</name>
         <load_address>0x9272</load_address>
         <run_address>0x9272</run_address>
         <size>0x3b2</size>
         <input_file_ref idref="fl-d6"/>
      </object_component>
      <object_component id="oc-25">
         <name>.debug_info</name>
         <load_address>0x9624</load_address>
         <run_address>0x9624</run_address>
         <size>0x10c</size>
         <input_file_ref idref="fl-d6"/>
      </object_component>
      <object_component id="oc-2bb">
         <name>.debug_info</name>
         <load_address>0x9730</load_address>
         <run_address>0x9730</run_address>
         <size>0x13f</size>
         <input_file_ref idref="fl-d6"/>
      </object_component>
      <object_component id="oc-16b">
         <name>.debug_info</name>
         <load_address>0x986f</load_address>
         <run_address>0x986f</run_address>
         <size>0x168</size>
         <input_file_ref idref="fl-d6"/>
      </object_component>
      <object_component id="oc-2ac">
         <name>.debug_info</name>
         <load_address>0x99d7</load_address>
         <run_address>0x99d7</run_address>
         <size>0x18e</size>
         <input_file_ref idref="fl-d6"/>
      </object_component>
      <object_component id="oc-2b2">
         <name>.debug_info</name>
         <load_address>0x9b65</load_address>
         <run_address>0x9b65</run_address>
         <size>0x19f</size>
         <input_file_ref idref="fl-d6"/>
      </object_component>
      <object_component id="oc-2b8">
         <name>.debug_info</name>
         <load_address>0x9d04</load_address>
         <run_address>0x9d04</run_address>
         <size>0x1db</size>
         <input_file_ref idref="fl-d6"/>
      </object_component>
      <object_component id="oc-1e4">
         <name>.debug_info</name>
         <load_address>0x9edf</load_address>
         <run_address>0x9edf</run_address>
         <size>0x1a5</size>
         <input_file_ref idref="fl-d6"/>
      </object_component>
      <object_component id="oc-215">
         <name>.debug_info</name>
         <load_address>0xa084</load_address>
         <run_address>0xa084</run_address>
         <size>0x299</size>
         <input_file_ref idref="fl-d6"/>
      </object_component>
      <object_component id="oc-bb">
         <name>.debug_info</name>
         <load_address>0xa31d</load_address>
         <run_address>0xa31d</run_address>
         <size>0xb2</size>
         <input_file_ref idref="fl-d6"/>
      </object_component>
      <object_component id="oc-b6">
         <name>.debug_info</name>
         <load_address>0xa3cf</load_address>
         <run_address>0xa3cf</run_address>
         <size>0x2c</size>
         <input_file_ref idref="fl-d6"/>
      </object_component>
      <object_component id="oc-23b">
         <name>.debug_info</name>
         <load_address>0xa3fb</load_address>
         <run_address>0xa3fb</run_address>
         <size>0x28a</size>
         <input_file_ref idref="fl-d7"/>
      </object_component>
      <object_component id="oc-187">
         <name>.debug_info</name>
         <load_address>0xa685</load_address>
         <run_address>0xa685</run_address>
         <size>0x273</size>
         <input_file_ref idref="fl-d7"/>
      </object_component>
      <object_component id="oc-23d">
         <name>.debug_info</name>
         <load_address>0xa8f8</load_address>
         <run_address>0xa8f8</run_address>
         <size>0x2a4</size>
         <input_file_ref idref="fl-d8"/>
      </object_component>
      <object_component id="oc-18d">
         <name>.debug_info</name>
         <load_address>0xab9c</load_address>
         <run_address>0xab9c</run_address>
         <size>0x24d</size>
         <input_file_ref idref="fl-d8"/>
      </object_component>
      <object_component id="oc-28">
         <name>.debug_info</name>
         <load_address>0xade9</load_address>
         <run_address>0xade9</run_address>
         <size>0x10b</size>
         <input_file_ref idref="fl-d9"/>
      </object_component>
      <object_component id="oc-5e">
         <name>.debug_info</name>
         <load_address>0xaef4</load_address>
         <run_address>0xaef4</run_address>
         <size>0x1a9</size>
         <input_file_ref idref="fl-d9"/>
      </object_component>
      <object_component id="oc-311">
         <name>.debug_info</name>
         <load_address>0xb09d</load_address>
         <run_address>0xb09d</run_address>
         <size>0x397</size>
         <input_file_ref idref="fl-da"/>
      </object_component>
      <object_component id="oc-249">
         <name>.debug_info</name>
         <load_address>0xb434</load_address>
         <run_address>0xb434</run_address>
         <size>0x18f</size>
         <input_file_ref idref="fl-da"/>
      </object_component>
      <object_component id="oc-3b1">
         <name>.debug_info</name>
         <load_address>0xb5c3</load_address>
         <run_address>0xb5c3</run_address>
         <size>0x120</size>
         <input_file_ref idref="fl-da"/>
      </object_component>
      <object_component id="oc-3b6">
         <name>.debug_info</name>
         <load_address>0xb6e3</load_address>
         <run_address>0xb6e3</run_address>
         <size>0x2c</size>
         <input_file_ref idref="fl-da"/>
      </object_component>
      <object_component id="oc-3ae">
         <name>.debug_info</name>
         <load_address>0xb70f</load_address>
         <run_address>0xb70f</run_address>
         <size>0x337</size>
         <input_file_ref idref="fl-db"/>
      </object_component>
      <object_component id="oc-3aa">
         <name>.debug_info</name>
         <load_address>0xba46</load_address>
         <run_address>0xba46</run_address>
         <size>0x109</size>
         <input_file_ref idref="fl-db"/>
      </object_component>
      <object_component id="oc-30e">
         <name>.debug_info</name>
         <load_address>0xbb4f</load_address>
         <run_address>0xbb4f</run_address>
         <size>0x109</size>
         <input_file_ref idref="fl-db"/>
      </object_component>
      <object_component id="oc-293">
         <name>.debug_info</name>
         <load_address>0xbc58</load_address>
         <run_address>0xbc58</run_address>
         <size>0x289</size>
         <input_file_ref idref="fl-dc"/>
      </object_component>
      <object_component id="oc-290">
         <name>.debug_info</name>
         <load_address>0xbee1</load_address>
         <run_address>0xbee1</run_address>
         <size>0x10e</size>
         <input_file_ref idref="fl-dc"/>
      </object_component>
      <object_component id="oc-1f7">
         <name>.debug_info</name>
         <load_address>0xbfef</load_address>
         <run_address>0xbfef</run_address>
         <size>0x14e</size>
         <input_file_ref idref="fl-dc"/>
      </object_component>
      <object_component id="oc-2fa">
         <name>.debug_info</name>
         <load_address>0xc13d</load_address>
         <run_address>0xc13d</run_address>
         <size>0x590</size>
         <input_file_ref idref="fl-dd"/>
      </object_component>
      <object_component id="oc-2cc">
         <name>.debug_info</name>
         <load_address>0xc6cd</load_address>
         <run_address>0xc6cd</run_address>
         <size>0x21e</size>
         <input_file_ref idref="fl-dd"/>
      </object_component>
      <object_component id="oc-368">
         <name>.debug_info</name>
         <load_address>0xc8eb</load_address>
         <run_address>0xc8eb</run_address>
         <size>0x1b3</size>
         <input_file_ref idref="fl-dd"/>
      </object_component>
      <object_component id="oc-36e">
         <name>.debug_info</name>
         <load_address>0xca9e</load_address>
         <run_address>0xca9e</run_address>
         <size>0x21b</size>
         <input_file_ref idref="fl-dd"/>
      </object_component>
      <object_component id="oc-2d7">
         <name>.debug_info</name>
         <load_address>0xccb9</load_address>
         <run_address>0xccb9</run_address>
         <size>0x3c0</size>
         <input_file_ref idref="fl-dd"/>
      </object_component>
      <object_component id="oc-375">
         <name>.debug_info</name>
         <load_address>0xd079</load_address>
         <run_address>0xd079</run_address>
         <size>0x30a</size>
         <input_file_ref idref="fl-dd"/>
      </object_component>
      <object_component id="oc-37b">
         <name>.debug_info</name>
         <load_address>0xd383</load_address>
         <run_address>0xd383</run_address>
         <size>0x215</size>
         <input_file_ref idref="fl-dd"/>
      </object_component>
      <object_component id="oc-2dd">
         <name>.debug_info</name>
         <load_address>0xd598</load_address>
         <run_address>0xd598</run_address>
         <size>0x215</size>
         <input_file_ref idref="fl-dd"/>
      </object_component>
      <object_component id="oc-2e3">
         <name>.debug_info</name>
         <load_address>0xd7ad</load_address>
         <run_address>0xd7ad</run_address>
         <size>0x304</size>
         <input_file_ref idref="fl-dd"/>
      </object_component>
      <object_component id="oc-2e9">
         <name>.debug_info</name>
         <load_address>0xdab1</load_address>
         <run_address>0xdab1</run_address>
         <size>0x4b5</size>
         <input_file_ref idref="fl-dd"/>
      </object_component>
      <object_component id="oc-21e">
         <name>.debug_info</name>
         <load_address>0xdf66</load_address>
         <run_address>0xdf66</run_address>
         <size>0x5f4</size>
         <input_file_ref idref="fl-dd"/>
      </object_component>
      <object_component id="oc-2fb">
         <name>.debug_info</name>
         <load_address>0xe55a</load_address>
         <run_address>0xe55a</run_address>
         <size>0x86</size>
         <input_file_ref idref="fl-dd"/>
      </object_component>
      <object_component id="oc-39f">
         <name>.debug_info</name>
         <load_address>0xe5e0</load_address>
         <run_address>0xe5e0</run_address>
         <size>0x39</size>
         <input_file_ref idref="fl-dd"/>
      </object_component>
      <object_component id="oc-3e9">
         <name>.debug_info</name>
         <load_address>0xe619</load_address>
         <run_address>0xe619</run_address>
         <size>0xb6</size>
         <input_file_ref idref="fl-dd"/>
      </object_component>
      <object_component id="oc-3a4">
         <name>.debug_info</name>
         <load_address>0xe6cf</load_address>
         <run_address>0xe6cf</run_address>
         <size>0x46</size>
         <input_file_ref idref="fl-dd"/>
      </object_component>
      <object_component id="oc-300">
         <name>.debug_info</name>
         <load_address>0xe715</load_address>
         <run_address>0xe715</run_address>
         <size>0x46</size>
         <input_file_ref idref="fl-dd"/>
      </object_component>
      <object_component id="oc-2d1">
         <name>.debug_info</name>
         <load_address>0xe75b</load_address>
         <run_address>0xe75b</run_address>
         <size>0x128</size>
         <input_file_ref idref="fl-de"/>
      </object_component>
      <object_component id="oc-354">
         <name>.debug_info</name>
         <load_address>0xe883</load_address>
         <run_address>0xe883</run_address>
         <size>0x12a</size>
         <input_file_ref idref="fl-de"/>
      </object_component>
      <object_component id="oc-359">
         <name>.debug_info</name>
         <load_address>0xe9ad</load_address>
         <run_address>0xe9ad</run_address>
         <size>0x12e</size>
         <input_file_ref idref="fl-df"/>
      </object_component>
      <object_component id="oc-97">
         <name>.debug_info</name>
         <load_address>0xeadb</load_address>
         <run_address>0xeadb</run_address>
         <size>0x147</size>
         <input_file_ref idref="fl-e0"/>
      </object_component>
      <object_component id="oc-346">
         <name>.debug_info</name>
         <load_address>0xec22</load_address>
         <run_address>0xec22</run_address>
         <size>0x134</size>
         <input_file_ref idref="fl-e1"/>
      </object_component>
      <object_component id="oc-1cb">
         <name>.debug_info</name>
         <load_address>0xed56</load_address>
         <run_address>0xed56</run_address>
         <size>0x4b3</size>
         <input_file_ref idref="fl-e2"/>
      </object_component>
      <object_component id="oc-109">
         <name>.debug_info</name>
         <load_address>0xf209</load_address>
         <run_address>0xf209</run_address>
         <size>0x1a6</size>
         <input_file_ref idref="fl-e2"/>
      </object_component>
      <object_component id="oc-273">
         <name>.debug_info</name>
         <load_address>0xf3af</load_address>
         <run_address>0xf3af</run_address>
         <size>0x39</size>
         <input_file_ref idref="fl-e2"/>
      </object_component>
      <object_component id="oc-323">
         <name>.debug_info</name>
         <load_address>0xf3e8</load_address>
         <run_address>0xf3e8</run_address>
         <size>0x39</size>
         <input_file_ref idref="fl-e2"/>
      </object_component>
      <object_component id="oc-278">
         <name>.debug_info</name>
         <load_address>0xf421</load_address>
         <run_address>0xf421</run_address>
         <size>0x39</size>
         <input_file_ref idref="fl-e2"/>
      </object_component>
      <object_component id="oc-27d">
         <name>.debug_info</name>
         <load_address>0xf45a</load_address>
         <run_address>0xf45a</run_address>
         <size>0xcd</size>
         <input_file_ref idref="fl-e2"/>
      </object_component>
      <object_component id="oc-9d">
         <name>.debug_info</name>
         <load_address>0xf527</load_address>
         <run_address>0xf527</run_address>
         <size>0x153</size>
         <input_file_ref idref="fl-e3"/>
      </object_component>
      <object_component id="oc-fc">
         <name>.debug_info</name>
         <load_address>0xf67a</load_address>
         <run_address>0xf67a</run_address>
         <size>0x122</size>
         <input_file_ref idref="fl-e5"/>
      </object_component>
      <object_component id="oc-3ce">
         <name>.debug_info</name>
         <load_address>0xf79c</load_address>
         <run_address>0xf79c</run_address>
         <size>0x29c</size>
         <input_file_ref idref="fl-e6"/>
      </object_component>
      <object_component id="oc-35e">
         <name>.debug_info</name>
         <load_address>0xfa38</load_address>
         <run_address>0xfa38</run_address>
         <size>0x1da</size>
         <input_file_ref idref="fl-e6"/>
      </object_component>
      <object_component id="oc-344">
         <name>.debug_info</name>
         <load_address>0xfc12</load_address>
         <run_address>0xfc12</run_address>
         <size>0x2b9</size>
         <input_file_ref idref="fl-e8"/>
      </object_component>
      <object_component id="oc-2c5">
         <name>.debug_info</name>
         <load_address>0xfecb</load_address>
         <run_address>0xfecb</run_address>
         <size>0x17c</size>
         <input_file_ref idref="fl-e8"/>
      </object_component>
      <object_component id="oc-3c1">
         <name>.debug_info</name>
         <load_address>0x10047</load_address>
         <run_address>0x10047</run_address>
         <size>0xf9</size>
         <input_file_ref idref="fl-e9"/>
      </object_component>
      <object_component id="oc-341">
         <name>.debug_info</name>
         <load_address>0x10140</load_address>
         <run_address>0x10140</run_address>
         <size>0x105</size>
         <input_file_ref idref="fl-e9"/>
      </object_component>
      <object_component id="oc-395">
         <name>.debug_info</name>
         <load_address>0x10245</load_address>
         <run_address>0x10245</run_address>
         <size>0x2a7</size>
         <input_file_ref idref="fl-ea"/>
      </object_component>
      <object_component id="oc-2ef">
         <name>.debug_info</name>
         <load_address>0x104ec</load_address>
         <run_address>0x104ec</run_address>
         <size>0x1b8</size>
         <input_file_ref idref="fl-ea"/>
      </object_component>
      <object_component id="oc-3df">
         <name>.debug_info</name>
         <load_address>0x106a4</load_address>
         <run_address>0x106a4</run_address>
         <size>0x29a</size>
         <input_file_ref idref="fl-eb"/>
      </object_component>
      <object_component id="oc-391">
         <name>.debug_info</name>
         <load_address>0x1093e</load_address>
         <run_address>0x1093e</run_address>
         <size>0x262</size>
         <input_file_ref idref="fl-eb"/>
      </object_component>
      <object_component id="oc-33f">
         <name>.debug_info</name>
         <load_address>0x10ba0</load_address>
         <run_address>0x10ba0</run_address>
         <size>0x28f</size>
         <input_file_ref idref="fl-ec"/>
      </object_component>
      <object_component id="oc-2c2">
         <name>.debug_info</name>
         <load_address>0x10e2f</load_address>
         <run_address>0x10e2f</run_address>
         <size>0x245</size>
         <input_file_ref idref="fl-ec"/>
      </object_component>
      <object_component id="oc-439">
[...]
      </symbol>
      <symbol id="sm-ad">
         <name>main</name>
         <value>0x2d8d</value>
         <object_component_ref idref="oc-a2"/>
      </symbol>
      <symbol id="sm-ea">
         <name>i2c_recByte</name>
         <value>0x1b69</value>
         <object_component_ref idref="oc-13b"/>
      </symbol>
      <symbol id="sm-eb">
         <name>i2c_requestByte</name>
         <value>0x1a1f</value>
         <object_component_ref idref="oc-13b"/>
      </symbol>
      <symbol id="sm-ec">
         <name>i2c_sendBytes</name>
         <value>0x1aa3</value>
         <object_component_ref idref="oc-13b"/>
      </symbol>
      <symbol id="sm-ed">
         <name>i2c_sendByte</name>
         <value>0x1a61</value>
         <object_component_ref idref="oc-13b"/>
      </symbol>
      <symbol id="sm-ee">
         <name>i2c_init</name>
         <value>0x19c1</value>
         <object_component_ref idref="oc-13b"/>
      </symbol>
      <symbol id="sm-ef">
         <name>i2c_recBytes</name>
         <value>0x1ba7</value>
         <object_component_ref idref="oc-13b"/>
      </symbol>
      <symbol id="sm-137">
         <name>imu_writeReg</name>
         <value>0x15f3</value>
         <object_component_ref idref="oc-d7"/>
      </symbol>
      <symbol id="sm-138">
         <name>imu_init</name>
         <value>0x127d</value>
         <object_component_ref idref="oc-d7"/>
      </symbol>
      <symbol id="sm-139">
         <name>imu_getAcc</name>
         <value>0x146f</value>
         <object_component_ref idref="oc-d7"/>
      </symbol>
      <symbol id="sm-13a">
         <name>imu_reset</name>
         <value>0x15d9</value>
         <object_component_ref idref="oc-d7"/>
      </symbol>
      <symbol id="sm-13b">
         <name>imu_getChipInfo</name>
         <value>0x157d</value>
         <object_component_ref idref="oc-d7"/>
      </symbol>
      <symbol id="sm-13c">
         <name>imu_readRegByte</name>
         <value>0x1619</value>
         <object_component_ref idref="oc-d7"/>
      </symbol>
      <symbol id="sm-13d">
         <name>imu_getHeading</name>
         <value>0x1347</value>
         <object_component_ref idref="oc-d7"/>
      </symbol>
      <symbol id="sm-13e">
         <name>imu_connected</name>
         <value>0x1539</value>
         <object_component_ref idref="oc-d7"/>
      </symbol>
      <symbol id="sm-13f">
         <name>imu_setDefaultUnits</name>
         <value>0x150f</value>
         <object_component_ref idref="oc-d7"/>
      </symbol>
      <symbol id="sm-140">
         <name>imu_getTemp</name>
         <value>0x155d</value>
         <object_component_ref idref="oc-d7"/>
      </symbol>
      <symbol id="sm-141">
         <name>imu_getStatus</name>
         <value>0x1553</value>
         <object_component_ref idref="oc-d7"/>
      </symbol>
      <symbol id="sm-142">
         <name>imu_getMode</name>
         <value>0x133d</value>
         <object_component_ref idref="oc-d7"/>
      </symbol>
      <symbol id="sm-143">
         <name>imu_readRegBytes</name>
         <value>0x1631</value>
         <object_component_ref idref="oc-d7"/>
      </symbol>
      <symbol id="sm-144">
         <name>imu_setMode</name>
         <value>0x132b</value>
         <object_component_ref idref="oc-d7"/>
      </symbol>
      <symbol id="sm-186">
         <name>lcd_sendCommand</name>
         <value>0x17eb</value>
         <object_component_ref idref="oc-dd"/>
      </symbol>
      <symbol id="sm-187">
         <name>lcd_sendNibble</name>
         <value>0x1829</value>
         <object_component_ref idref="oc-dd"/>
      </symbol>
      <symbol id="sm-188">
         <name>lcd_clear</name>
         <value>0x3c63</value>
         <object_component_ref idref="oc-ef"/>
      </symbol>
      <symbol id="sm-189">
         <name>lcd_printf</name>
         <value>0x18d3</value>
         <object_component_ref idref="oc-dd"/>
      </symbol>
      <symbol id="sm-18a">
         <name>lcd_setCursorPos</name>
         <value>0x1895</value>
         <object_component_ref idref="oc-dd"/>
      </symbol>
      <symbol id="sm-18b">
         <name>lcd_init</name>
         <value>0x16d5</value>
         <object_component_ref idref="oc-dd"/>
      </symbol>
      <symbol id="sm-18c">
         <name>lcd_puts</name>
         <value>0x17cd</value>
         <object_component_ref idref="oc-dd"/>
      </symbol>
      <symbol id="sm-18d">
         <name>lcd_putc</name>
         <value>0x1795</value>
         <object_component_ref idref="oc-dd"/>
      </symbol>
      <symbol id="sm-18e">
         <name>lcd_reverseNibble</name>
         <value>0x1699</value>
         <object_component_ref idref="oc-dd"/>
      </symbol>
      <symbol id="sm-18f">
         <name>lcd_gotoLine</name>
         <value>0x186d</value>
         <object_component_ref idref="oc-dd"/>
      </symbol>
      <symbol id="sm-1ac">
         <name>ResetISR</name>
         <value>0x3c8d</value>
         <object_component_ref idref="oc-2a"/>
      </symbol>
      <symbol id="sm-1ad">
         <name>g_pfnVectors</name>
         <value>0x0</value>
         <object_component_ref idref="oc-12"/>
      </symbol>
      <symbol id="sm-21b">
         <name>powf</name>
         <value>0xcbd</value>
         <object_component_ref idref="oc-141"/>
      </symbol>
      <symbol id="sm-22b">
         <name>sqrtf</name>
         <value>0x3b29</value>
         <object_component_ref idref="oc-147"/>
      </symbol>
      <symbol id="sm-262">
         <name>atanf</name>
         <value>0x24c9</value>
         <object_component_ref idref="oc-14d"/>
      </symbol>
      <symbol id="sm-27f">
         <name>scalbnf</name>
         <value>0x2cbd</value>
         <object_component_ref idref="oc-1ed"/>
      </symbol>
      <symbol id="sm-280">
         <name>ldexpf</name>
         <value>0x2cbd</value>
         <object_component_ref idref="oc-1ed"/>
      </symbol>
      <symbol id="sm-2af">
         <name>vsnprintf</name>
         <value>0x38dd</value>
         <object_component_ref idref="oc-17e"/>
      </symbol>
      <symbol id="sm-2d5">
         <name>__TI_doflush</name>
         <value>0x3731</value>
         <object_component_ref idref="oc-19a"/>
      </symbol>
      <symbol id="sm-2d6">
         <name>fflush</name>
         <value>0x3141</value>
         <object_component_ref idref="oc-e3"/>
      </symbol>
      <symbol id="sm-2e3">
         <name>copysignf</name>
         <value>0x3be3</value>
         <object_component_ref idref="oc-287"/>
      </symbol>
      <symbol id="sm-2fa">
         <name>__aeabi_dsub</name>
         <value>0x2311</value>
         <object_component_ref idref="oc-15d"/>
      </symbol>
      <symbol id="sm-2fb">
         <name>__aeabi_dadd</name>
         <value>0x231b</value>
         <object_component_ref idref="oc-15d"/>
      </symbol>
      <symbol id="sm-30f">
         <name>__aeabi_ddiv</name>
         <value>0x2755</value>
         <object_component_ref idref="oc-158"/>
      </symbol>
      <symbol id="sm-31a">
         <name>__aeabi_dmul</name>
         <value>0x2bc1</value>
         <object_component_ref idref="oc-34c"/>
      </symbol>
      <symbol id="sm-326">
         <name>__aeabi_d2f</name>
         <value>0x3317</value>
         <object_component_ref idref="oc-162"/>
      </symbol>
      <symbol id="sm-331">
         <name>__aeabi_f2d</name>
         <value>0x39cd</value>
         <object_component_ref idref="oc-153"/>
      </symbol>
      <symbol id="sm-33b">
         <name>__aeabi_i2d</name>
         <value>0x3ad1</value>
         <object_component_ref idref="oc-361"/>
      </symbol>
      <symbol id="sm-356">
         <name>memcpy</name>
         <value>0x2f03</value>
         <object_component_ref idref="oc-3e"/>
      </symbol>
      <symbol id="sm-357">
         <name>__aeabi_memcpy</name>
         <value>0x2f03</value>
         <object_component_ref idref="oc-3e"/>
      </symbol>
      <symbol id="sm-358">
         <name>__aeabi_memcpy8</name>
         <value>0x2f03</value>
         <object_component_ref idref="oc-3e"/>
      </symbol>
      <symbol id="sm-359">
         <name>__aeabi_memcpy4</name>
         <value>0x2f03</value>
         <object_component_ref idref="oc-3e"/>
      </symbol>
      <symbol id="sm-370">
         <name>__TI_zero_init</name>
         <value>0x3c81</value>
         <object_component_ref idref="oc-50"/>
      </symbol>
      <symbol id="sm-387">
         <name>__TI_decompress_none</name>
         <value>0x3c73</value>
         <object_component_ref idref="oc-1b"/>
      </symbol>
      <symbol id="sm-3aa">
         <name>__TI_decompress_lzss</name>
         <value>0x3459</value>
         <object_component_ref idref="oc-15"/>
      </symbol>
      <symbol id="sm-3bf">
         <name>_nop</name>
         <value>0xcbb</value>
         <object_component_ref idref="oc-24c"/>
      </symbol>
      <symbol id="sm-3c0">
         <name>_lock</name>
         <value>0x20002438</value>
         <object_component_ref idref="oc-1a0"/>
      </symbol>
      <symbol id="sm-3c1">
         <name>_unlock</name>
         <value>0x2000243c</value>
         <object_component_ref idref="oc-1a0"/>
      </symbol>
      <symbol id="sm-3d6">
         <name>__aeabi_stdout</name>
         <value>0x20002430</value>
         <object_component_ref idref="oc-1a3"/>
      </symbol>
      <symbol id="sm-3d7">
         <name>__aeabi_stderr</name>
         <value>0x20002434</value>
         <object_component_ref idref="oc-1a3"/>
      </symbol>
      <symbol id="sm-3d8">
         <name>__aeabi_stdin</name>
         <value>0x2000242c</value>
         <object_component_ref idref="oc-1a3"/>
      </symbol>
      <symbol id="sm-3d9">
         <name>_ftable</name>
         <value>0x20002270</value>
         <object_component_ref idref="oc-f6"/>
      </symbol>
      <symbol id="sm-3da">
         <name>__TI_ft_end</name>
         <value>0x20002428</value>
         <object_component_ref idref="oc-1a3"/>
      </symbol>
      <symbol id="sm-454">
         <name>_sys_memory</name>
         <value>0x20001270</value>
         <object_component_ref idref="oc-24"/>
      </symbol>
      <symbol id="sm-455">
         <name>memalign</name>
         <value>0x2ac1</value>
         <object_component_ref idref="oc-213"/>
      </symbol>
      <symbol id="sm-456">
         <name>calloc</name>
         <value>0x3995</value>
         <object_component_ref idref="oc-1e0"/>
      </symbol>
      <symbol id="sm-457">
         <name>malloc</name>
         <value>0x3ca1</value>
         <object_component_ref idref="oc-167"/>
      </symbol>
      <symbol id="sm-458">
         <name>aligned_alloc</name>
         <value>0x2ac1</value>
         <object_component_ref idref="oc-213"/>
      </symbol>
      <symbol id="sm-467">
         <name>strcmp</name>
         <value>0x3bfb</value>
         <object_component_ref idref="oc-184"/>
      </symbol>
      <symbol id="sm-475">
         <name>strcpy</name>
         <value>0x3c29</value>
         <object_component_ref idref="oc-18a"/>
      </symbol>
      <symbol id="sm-488">
         <name>__stack</name>
         <value>0x20000270</value>
         <object_component_ref idref="oc-27"/>
      </symbol>
      <symbol id="sm-489">
         <name>_c_int00_noargs</name>
         <value>0x3a6d</value>
         <object_component_ref idref="oc-5c"/>
      </symbol>
      <symbol id="sm-4a3">
         <name>write</name>
         <value>0x3b51</value>
         <object_component_ref idref="oc-245"/>
      </symbol>
      <symbol id="sm-4b4">
         <name>_stream</name>
         <value>0x200023d8</value>
         <object_component_ref idref="oc-30d"/>
      </symbol>
      <symbol id="sm-4b5">
         <name>_device</name>
         <value>0x20002360</value>
         <object_component_ref idref="oc-3a9"/>
      </symbol>
      <symbol id="sm-4cb">
         <name>__aeabi_errno_addr</name>
         <value>0x3c99</value>
         <object_component_ref idref="oc-1f3"/>
      </symbol>
      <symbol id="sm-4cc">
         <name>errno</name>
         <value>0x20002448</value>
         <object_component_ref idref="oc-28f"/>
      </symbol>
      <symbol id="sm-631">
         <name>__TI_printfi</name>
         <value>0x26d</value>
         <object_component_ref idref="oc-21c"/>
      </symbol>
      <symbol id="sm-653">
         <name>__aeabi_cdcmpeq</name>
         <value>0x3035</value>
         <object_component_ref idref="oc-2d0"/>
      </symbol>
      <symbol id="sm-654">
         <name>__aeabi_cdcmple</name>
         <value>0x3035</value>
         <object_component_ref idref="oc-2d0"/>
      </symbol>
      <symbol id="sm-655">
         <name>__aeabi_cdrcmple</name>
         <value>0x30bb</value>
         <object_component_ref idref="oc-351"/>
      </symbol>
      <symbol id="sm-65f">
         <name>__aeabi_d2iz</name>
         <value>0x37c9</value>
         <object_component_ref idref="oc-356"/>
      </symbol>
      <symbol id="sm-66e">
         <name>__aeabi_memset</name>
         <value>0x31bf</value>
         <object_component_ref idref="oc-96"/>
      </symbol>
      <symbol id="sm-66f">
         <name>memset</name>
         <value>0x31c5</value>
         <object_component_ref idref="oc-96"/>
      </symbol>
      <symbol id="sm-670">
         <name>__aeabi_memset8</name>
         <value>0x31bf</value>
         <object_component_ref idref="oc-96"/>
      </symbol>
      <symbol id="sm-671">
         <name>__aeabi_memset4</name>
         <value>0x31bf</value>
         <object_component_ref idref="oc-96"/>
      </symbol>
      <symbol id="sm-672">
         <name>__aeabi_memclr8</name>
         <value>0x31bd</value>
         <object_component_ref idref="oc-96"/>
      </symbol>
      <symbol id="sm-673">
         <name>__aeabi_memclr4</name>
         <value>0x31bd</value>
         <object_component_ref idref="oc-96"/>
      </symbol>
      <symbol id="sm-674">
         <name>__aeabi_memclr</name>
         <value>0x31bd</value>
         <object_component_ref idref="oc-96"/>
      </symbol>
      <symbol id="sm-681">
         <name>__aeabi_uldivmod</name>
         <value>0x2f9f</value>
         <object_component_ref idref="oc-345"/>
      </symbol>
      <symbol id="sm-6a9">
         <name>__TI_auto_init_nobinit_nopinit</name>
         <value>0x3899</value>
         <object_component_ref idref="oc-107"/>
      </symbol>
      <symbol id="sm-6b3">
         <name>_system_pre_init</name>
         <value>0x3ca9</value>
         <object_component_ref idref="oc-9c"/>
      </symbol>
      <symbol id="sm-6bf">
         <name>C$$EXIT</name>
         <value>0x3cad</value>
         <object_component_ref idref="oc-fb"/>
      </symbol>
      <symbol id="sm-6c0">
         <name>abort</name>
         <value>0x3cad</value>
         <object_component_ref idref="oc-fb"/>
      </symbol>
      <symbol id="sm-6cf">
         <name>__TI_ltoa</name>
         <value>0x368b</value>
         <object_component_ref idref="oc-35b"/>
      </symbol>
      <symbol id="sm-6e6">
         <name>atoi</name>
         <value>0x377d</value>
         <object_component_ref idref="oc-2c4"/>
      </symbol>
      <symbol id="sm-6f1">
         <name>_ctypes_</name>
         <value>0x3cb0</value>
         <object_component_ref idref="oc-340"/>
      </symbol>
      <symbol id="sm-701">
         <name>memccpy</name>
         <value>0x3b95</value>
         <object_component_ref idref="oc-2ed"/>
      </symbol>
      <symbol id="sm-711">
         <name>strchr</name>
         <value>0x3c13</value>
         <object_component_ref idref="oc-38d"/>
      </symbol>
      <symbol id="sm-71f">
         <name>strlen</name>
         <value>0x3c3d</value>
         <object_component_ref idref="oc-2be"/>
      </symbol>
      <symbol id="sm-730">
         <name>HOSTclose</name>
         <value>0x3811</value>
         <object_component_ref idref="oc-3f4"/>
      </symbol>
      <symbol id="sm-741">
         <name>HOSTlseek</name>
         <value>0x33f1</value>
         <object_component_ref idref="oc-406"/>
      </symbol>
      <symbol id="sm-753">
         <name>parmbuf</name>
         <value>0x200025c4</value>
      </symbol>
      <symbol id="sm-754">
         <name>HOSTopen</name>
         <value>0x3525</value>
         <object_component_ref idref="oc-3ee"/>
      </symbol>
      <symbol id="sm-765">
         <name>HOSTread</name>
         <value>0x3585</value>
         <object_component_ref idref="oc-3fa"/>
      </symbol>
      <symbol id="sm-776">
         <name>HOSTrename</name>
         <value>0x3385</value>
         <object_component_ref idref="oc-412"/>
      </symbol>
      <symbol id="sm-787">
         <name>HOSTunlink</name>
         <value>0x3855</value>
         <object_component_ref idref="oc-40c"/>
      </symbol>
      <symbol id="sm-798">
         <name>HOSTwrite</name>
         <value>0x35dd</value>
         <object_component_ref idref="oc-400"/>
      </symbol>
      <symbol id="sm-7bc">
         <name>__TI_readmsg</name>
         <value>0x3a39</value>
         <object_component_ref idref="oc-42e"/>
      </symbol>
      <symbol id="sm-7bd">
         <name>C$$IO$$</name>
         <value>0x398b</value>
         <object_component_ref idref="oc-428"/>
      </symbol>
      <symbol id="sm-7be">
         <name>__CIOBUF_</name>
         <value>0x20002450</value>
         <object_component_ref idref="oc-444"/>
      </symbol>
      <symbol id="sm-7bf">
         <name>__TI_writemsg</name>
         <value>0x395d</value>
         <object_component_ref idref="oc-428"/>
      </symbol>
      <symbol id="sm-7d8">
         <name>wcslen</name>
         <value>0x3c51</value>
         <object_component_ref idref="oc-2f3"/>
      </symbol>
      <symbol id="sm-7ee">
         <name>frexpl</name>
         <value>0x34c1</value>
         <object_component_ref idref="oc-381"/>
      </symbol>
      <symbol id="sm-7ef">
         <name>frexp</name>
         <value>0x34c1</value>
         <object_component_ref idref="oc-381"/>
      </symbol>
      <symbol id="sm-80c">
         <name>scalbn</name>
         <value>0x29b1</value>
         <object_component_ref idref="oc-387"/>
      </symbol>
      <symbol id="sm-80d">
         <name>scalbnl</name>
         <value>0x29b1</value>
         <object_component_ref idref="oc-387"/>
      </symbol>
      <symbol id="sm-80e">
         <name>ldexpl</name>
         <value>0x29b1</value>
         <object_component_ref idref="oc-387"/>
      </symbol>
      <symbol id="sm-80f">
         <name>ldexp</name>
         <value>0x29b1</value>
         <object_component_ref idref="oc-387"/>
      </symbol>
      <symbol id="sm-819">
         <name>__aeabi_idiv0</name>
         <value>0x24c7</value>
         <object_component_ref idref="oc-3c4"/>
      </symbol>
      <symbol id="sm-81a">
         <name>__aeabi_ldiv0</name>
         <value>0x24c7</value>
         <object_component_ref idref="oc-3c4"/>
      </symbol>
      <symbol id="sm-824">
         <name>copysign</name>
         <value>0x3bb1</value>
         <object_component_ref idref="oc-3d6"/>
      </symbol>
      <symbol id="sm-825">
         <name>copysignl</name>
         <value>0x3bb1</value>
         <object_component_ref idref="oc-3d6"/>
      </symbol>
      <symbol id="sm-84b">
         <name>IntRegister</name>
         <value>0x3a05</value>
         <object_component_ref idref="oc-1a8"/>
      </symbol>
      <symbol id="sm-84c">
         <name>g_pfnRAMVectors</name>
         <value>0x20000000</value>
         <object_component_ref idref="oc-25f"/>
      </symbol>
      <symbol id="sm-84e">
         <name>__TI_static_base__</name>
         <value>0x0</value>
      </symbol>
      <symbol id="sm-851">
         <name>__mpu_init</name>
         <value>0x0</value>
      </symbol>
      <symbol id="sm-852">
         <name>_system_post_cinit</name>
         <value>0x0</value>
      </symbol>
   </symbol_table>
   <title>Link successful</title>
</link_info>
