******************************************************************************
                  TI ARM Linker PC v20.2.7                     
******************************************************************************
>> Linked Thu May  2 18:50:28 2024

OUTPUT FILE NAME:   <IMU-round2.out>
ENTRY POINT SYMBOL: "_c_int00_noargs"  address: 00003d21


MEMORY CONFIGURATION

         name            origin    length      used     unused   attr    fill
----------------------  --------  ---------  --------  --------  ----  --------
  FLASH                 00000000   00040000  0000416c  0003be94  R  X
  SRAM                  20000000   00008000  000025c9  00005a37  RW X


SEGMENT ALLOCATION MAP

run origin  load origin   length   init length attrs members
----------  ----------- ---------- ----------- ----- -------
00000000    00000000    00004170   00004170    r-x
  00000000    00000000    0000026c   0000026c    r-- .intvecs
  0000026c    0000026c    00003cf8   00003cf8    r-x .text
  00003f68    00003f68    00000168   00000168    r-- .const
  000040d0    000040d0    000000a0   000000a0    r-- .cinit
20000000    20000000    000025d0   00000000    rw-
  20000000    20000000    0000026c   00000000    rw- .vtable
  20000270    20000270    00001000   00000000    rw- .stack
  20001270    20001270    00001000   00000000    rw- .sysmem
  20002270    20002270    000001dd   00000000    rw- .data
  20002450    20002450    00000180   00000000    rw- .bss


SECTION ALLOCATION MAP

 output                                  attributes/
section   page    origin      length       input sections
--------  ----  ----------  ----------   ----------------
.intvecs   0    00000000    0000026c     
                  00000000    0000026c     tm4c123gh6pm_startup_ccs.obj (.intvecs)

.text      0    0000026c    00003cf8     
                  0000026c    00000a4e     rtsv7M4_T_le_v4SPD16_eabi.lib : _printfi.c.obj (.text:__TI_printfi)
                  00000cba    00000002                                   : _lock.c.obj (.text:_nop)
                  00000cbc    0000058c                                   : e_powf.c.obj (.text:powf)
                  00001248    000004d0     imu.obj (.text)
                  00001718    00000328     lcd.obj (.text)
                  00001a40    000002c8     i2c.obj (.text)
                  00001d08    00000270     rtsv7M4_T_le_v4SPD16_eabi.lib : _printfi.c.obj (.text:_pconv_a)
                  00001f78    00000248     Timer.obj (.text)
                  000021c0    00000234     rtsv7M4_T_le_v4SPD16_eabi.lib : e_fmod.c.obj (.text:fmod)
                  000023f4    000001d0                                   : _printfi.c.obj (.text:_pconv_g)
                  000025c4    000001b6                                   : fd_add_t2.asm.obj (.text)
                  0000277a    00000002                                   : div0.asm.obj (.text)
                  0000277c    00000150                                   : s_atanf.c.obj (.text:atanf)
                  000028cc    0000013c                                   : _printfi.c.obj (.text:_pconv_e)
                  00002a08    00000136                                   : fd_div_t2.asm.obj (.text)
                  00002b3e    00000002     --HOLE-- [fill = 0]
                  00002b40    00000124                                   : _printfi.c.obj (.text:fcvt)
                  00002c64    00000110                                   : s_scalbn.c.obj (.text:scalbn)
                  00002d74    00000100                                   : memory.c.obj (.text:aligned_alloc)
                  00002e74    000000fc                                   : fd_mul_t2.asm.obj (.text)
                  00002f70    000000d0                                   : s_scalbnf.c.obj (.text:scalbnf)
                  00003040    000000c4     example.obj (.text)
                  00003104    000000b1     rtsv7M4_T_le_v4SPD16_eabi.lib : _printfi.c.obj (.text:_ltostr)
                  000031b5    00000001     --HOLE-- [fill = 0]
                  000031b6    0000009c                                   : memcpy_t2.asm.obj (.text)
                  00003252    00000096                                   : ull_div_t2.asm.obj (.text)
                  000032e8    00000086                                   : fd_cmp_t2.asm.obj (.text:__aeabi_cdcmple)
                  0000336e    00000086                                   : fd_cmp_t2.asm.obj (.text:__aeabi_cdrcmple)
                  000033f4    0000007c                                   : fflush.c.obj (.text:fflush)
                  00003470    0000007a                                   : memset_t2.asm.obj (.text)
                  000034ea    00000002     --HOLE-- [fill = 0]
                  000034ec    00000070                                   : memory.c.obj (.text:split)
                  0000355c    0000006e                                   : _printfi.c.obj (.text:_mcpy)
                  000035ca    0000006e                                   : fd_tos_t2.asm.obj (.text)
                  00003638    0000006c                                   : hostrename.c.obj (.text:HOSTrename)
                  000036a4    00000068                                   : hostlseek.c.obj (.text:HOSTlseek)
                  0000370c    00000068                                   : copy_decompress_lzss.c.obj (.text:decompress:lzss:__TI_decompress_lzss)
                  00003774    00000064                                   : s_frexp.c.obj (.text:frexp)
                  000037d8    00000060                                   : hostopen.c.obj (.text:HOSTopen)
                  00003838    00000058                                   : hostread.c.obj (.text:HOSTread)
                  00003890    00000058                                   : hostwrite.c.obj (.text:HOSTwrite)
                  000038e8    00000056                                   : _printfi.c.obj (.text:_pconv_f)
                  0000393e    00000054                                   : _ltoa.c.obj (.text:__TI_ltoa)
                  00003992    00000052                                   : _printfi.c.obj (.text:_ecpy)
                  000039e4    0000004c                                   : fflush.c.obj (.text:__TI_doflush)
                  00003a30    0000004c                                   : atoi.c.obj (.text:atoi)
                  00003a7c    00000048                                   : fd_toi_t2.asm.obj (.text)
                  00003ac4    00000044                                   : hostclose.c.obj (.text:HOSTclose)
                  00003b08    00000044                                   : hostunlink.c.obj (.text:HOSTunlink)
                  00003b4c    00000044                                   : autoinit.c.obj (.text:__TI_auto_init_nobinit_nopinit:__TI_auto_init_nobinit_nopinit)
                  00003b90    00000040                                   : vsnprintf.c.obj (.text:vsnprintf)
                  00003bd0    0000003e                                   : _printfi.c.obj (.text:_fcpy)
                  00003c0e    00000002     --HOLE-- [fill = 0]
                  00003c10    00000038                                   : trgmsg.c.obj (.text:__TI_writemsg)
                  00003c48    00000038                                   : memory.c.obj (.text:calloc)
                  00003c80    00000038                                   : fs_tod_t2.asm.obj (.text)
                  00003cb8    00000034     driverlib.lib : interrupt.obj (.text:IntRegister)
                  00003cec    00000034     rtsv7M4_T_le_v4SPD16_eabi.lib : trgmsg.c.obj (.text:__TI_readmsg)
                  00003d20    00000034                                   : boot_cortex_m.c.obj (.text:_c_int00_noargs:_c_int00_noargs)
                  00003d54    00000030                                   : vsnprintf.c.obj (.text:_outs)
                  00003d84    0000002e                                   : i_tofd_t2.asm.obj (.text)
                  00003db2    00000002     --HOLE-- [fill = 0]
                  00003db4    00000028                                   : memory.c.obj (.text:free_list_insert)
                  00003ddc    00000028                                   : e_sqrtf.c.obj (.text:sqrtf)
                  00003e04    00000028                                   : write.c.obj (.text:write)
                  00003e2c    0000001c                                   : memory.c.obj (.text:free_list_remove)
                  00003e48    0000001c                                   : memccpy.c.obj (.text:memccpy)
                  00003e64    0000001a                                   : s_copysign.c.obj (.text:copysign)
                  00003e7e    00000018                                   : vsnprintf.c.obj (.text:_outc)
                  00003e96    00000018                                   : s_copysignf.c.obj (.text:copysignf)
                  00003eae    00000018                                   : strcmp.c.obj (.text:strcmp)
                  00003ec6    00000016                                   : strchr.c.obj (.text:strchr)
                  00003edc    00000014                                   : strcpy.c.obj (.text:strcpy)
                  00003ef0    00000014                                   : strlen.c.obj (.text:strlen)
                  00003f04    00000012                                   : wcslen.c.obj (.text:wcslen)
                  00003f16    00000010     lcd.obj (.text:lcd_clear)
                  00003f26    0000000e     rtsv7M4_T_le_v4SPD16_eabi.lib : copy_decompress_none.c.obj (.text:decompress:none:__TI_decompress_none)
                  00003f34    0000000c                                   : copy_zero_init.c.obj (.text:decompress:ZI:__TI_zero_init)
                  00003f40    0000000c     tm4c123gh6pm_startup_ccs.obj (.text)
                  00003f4c    00000008     rtsv7M4_T_le_v4SPD16_eabi.lib : errno.c.obj (.text:__aeabi_errno_addr)
                  00003f54    00000008                                   : memory.c.obj (.text:malloc)
                  00003f5c    00000004                                   : pre_init.c.obj (.text:_system_pre_init)
                  00003f60    00000004                                   : exit.c.obj (.text:abort:abort)

.const     0    00003f68    00000168     
                  00003f68    00000101     rtsv7M4_T_le_v4SPD16_eabi.lib : ctype.c.obj (.const:.string:_ctypes_)
                  00004069    00000003     --HOLE-- [fill = 0]
                  0000406c    00000034                                   : s_atanf.c.obj (.const:$O1$$)
                  000040a0    00000018                                   : e_powf.c.obj (.const:$O1$$)
                  000040b8    00000010                                   : e_fmod.c.obj (.const:Zero)
                  000040c8    00000004     lcd.obj (.const:.string:lineAddress$1)
                  000040cc    00000004     lcd.obj (.const:.string:lineAddresses$2)

.cinit     0    000040d0    000000a0     
                  000040d0    00000068     (.cinit..data.load) [load image, compression = lzss]
                  00004138    0000000c     (__TI_handler_table)
                  00004144    00000004     --HOLE-- [fill = 0]
                  00004148    00000008     (.cinit..bss.load) [load image, compression = zero_init]
                  00004150    00000008     (.cinit..vtable.load) [load image, compression = zero_init]
                  00004158    00000018     (__TI_cinit_table)

.init_array 
*          0    00000000    00000000     UNINITIALIZED

.vtable    0    20000000    0000026c     UNINITIALIZED
                  20000000    0000026c     driverlib.lib : interrupt.obj (.vtable)

.stack     0    20000270    00001000     UNINITIALIZED
                  20000270    00000004     rtsv7M4_T_le_v4SPD16_eabi.lib : boot_cortex_m.c.obj (.stack)
                  20000274    00000ffc     --HOLE--

.sysmem    0    20001270    00001000     UNINITIALIZED
                  20001270    00000010     rtsv7M4_T_le_v4SPD16_eabi.lib : memory.c.obj (.sysmem)
                  20001280    00000ff0     --HOLE--

.data      0    20002270    000001dd     UNINITIALIZED
                  20002270    000000f0     rtsv7M4_T_le_v4SPD16_eabi.lib : defs.c.obj (.data:_ftable)
                  20002360    00000078                                   : host_device.c.obj (.data:_device)
                  200023d8    00000050                                   : host_device.c.obj (.data:_stream)
                  20002428    00000010                                   : defs.c.obj (.data)
                  20002438    00000008                                   : _lock.c.obj (.data:$O1$$)
                  20002440    00000008                                   : memory.c.obj (.data:$O1$$)
                  20002448    00000004                                   : errno.c.obj (.data)
                  2000244c    00000001     Timer.obj (.data)

.bss       0    20002450    00000180     UNINITIALIZED
                  20002450    00000120     rtsv7M4_T_le_v4SPD16_eabi.lib : trgmsg.c.obj (.bss:_CIOBUF_)
                  20002570    00000054     lcd.obj (.bss:lastbuffer$3)
                  200025c4    00000008     (.common:parmbuf)
                  200025cc    00000004     (.common:_timeout_ticks)

__llvm_prf_cnts 
*          0    20000000    00000000     UNINITIALIZED

MODULE SUMMARY

       Module                         code    ro data   rw data
       ------                         ----    -------   -------
    .\
       imu.obj                        1232    0         0      
       lcd.obj                        824     8         84     
       i2c.obj                        712     0         0      
       tm4c123gh6pm_startup_ccs.obj   12      620       0      
       Timer.obj                      584     0         5      
       example.obj                    196     0         0      
    +--+------------------------------+-------+---------+---------+
       Total:                         3560    628       89     
                                                               
    C:/ti/TivaWare_C_Series-2.2.0.295/driverlib/ccs/Debug/driverlib.lib
       interrupt.obj                  52      0         620    
    +--+------------------------------+-------+---------+---------+
       Total:                         52      0         620    
                                                               
    C:\ti\ccs1230\ccs\tools\compiler\ti-cgt-arm_20.2.7.LTS\lib\rtsv7M4_T_le_v4SPD16_eabi.lib
       _printfi.c.obj                 4851    0         0      
       e_powf.c.obj                   1420    24        0      
       e_fmod.c.obj                   564     16        0      
       memory.c.obj                   500     0         8      
       fd_add_t2.asm.obj              438     0         0      
       trgmsg.c.obj                   108     0         288    
       s_atanf.c.obj                  336     52        0      
       fd_div_t2.asm.obj              310     0         0      
       s_scalbn.c.obj                 272     0         0      
       fd_cmp_t2.asm.obj              268     0         0      
       ctype.c.obj                    0       257       0      
       defs.c.obj                     0       0         256    
       fd_mul_t2.asm.obj              252     0         0      
       s_scalbnf.c.obj                208     0         0      
       fflush.c.obj                   200     0         0      
       host_device.c.obj              0       0         200    
       memcpy_t2.asm.obj              156     0         0      
       ull_div_t2.asm.obj             150     0         0      
       vsnprintf.c.obj                136     0         0      
       memset_t2.asm.obj              122     0         0      
       fd_tos_t2.asm.obj              110     0         0      
       hostrename.c.obj               108     0         0      
       copy_decompress_lzss.c.obj     104     0         0      
       hostlseek.c.obj                104     0         0      
       hostopen.c.obj                 96      0         8      
       s_frexp.c.obj                  100     0         0      
       hostread.c.obj                 88      0         0      
       hostwrite.c.obj                88      0         0      
       _ltoa.c.obj                    84      0         0      
       atoi.c.obj                     76      0         0      
       fd_toi_t2.asm.obj              72      0         0      
       autoinit.c.obj                 68      0         0      
       hostclose.c.obj                68      0         0      
       hostunlink.c.obj               68      0         0      
       fs_tod_t2.asm.obj              56      0         0      
       boot_cortex_m.c.obj            52      0         0      
       i_tofd_t2.asm.obj              46      0         0      
       e_sqrtf.c.obj                  40      0         0      
       write.c.obj                    40      0         0      
       memccpy.c.obj                  28      0         0      
       s_copysign.c.obj               26      0         0      
       s_copysignf.c.obj              24      0         0      
       strcmp.c.obj                   24      0         0      
       strchr.c.obj                   22      0         0      
       strcpy.c.obj                   20      0         0      
       strlen.c.obj                   20      0         0      
       wcslen.c.obj                   18      0         0      
       copy_decompress_none.c.obj     14      0         0      
       copy_zero_init.c.obj           12      0         0      
       errno.c.obj                    8       0         4      
       _lock.c.obj                    2       0         8      
       exit.c.obj                     4       0         0      
       pre_init.c.obj                 4       0         0      
       div0.asm.obj                   2       0         0      
    +--+------------------------------+-------+---------+---------+
       Total:                         11987   349       772    
                                                               
       Heap:                          0       0         4096   
       Stack:                         0       0         4096   
       Linker Generated:              0       156       0      
    +--+------------------------------+-------+---------+---------+
       Grand Total:                   15599   1133      9673   


LINKER GENERATED COPY TABLES

__TI_cinit_table @ 00004158 records: 3, size/record: 8, table size: 24
	.data: load addr=000040d0, load size=00000068 bytes, run addr=20002270, run size=000001dd bytes, compression=lzss
	.bss: load addr=00004148, load size=00000008 bytes, run addr=20002450, run size=00000180 bytes, compression=zero_init
	.vtable: load addr=00004150, load size=00000008 bytes, run addr=20000000, run size=0000026c bytes, compression=zero_init


LINKER GENERATED HANDLER TABLE

__TI_handler_table @ 00004138 records: 3, size/record: 4, table size: 12
	index: 0, handler: __TI_zero_init
	index: 1, handler: __TI_decompress_lzss
	index: 2, handler: __TI_decompress_none


GLOBAL SYMBOLS: SORTED ALPHABETICALLY BY Name 

address   name                          
-------   ----                          
00003f61  C$$EXIT                       
00003c3f  C$$IO$$                       
00003ac5  HOSTclose                     
000036a5  HOSTlseek                     
000037d9  HOSTopen                      
00003839  HOSTread                      
00003639  HOSTrename                    
00003b09  HOSTunlink                    
00003891  HOSTwrite                     
00003cb9  IntRegister                   
00003f41  ResetISR                      
20002450  __CIOBUF_                     
20001270  __STACK_END                   
00001000  __STACK_SIZE                  
20000470  __STACK_TOP                   
00001000  __SYSMEM_SIZE                 
00004158  __TI_CINIT_Base               
00004170  __TI_CINIT_Limit              
00004138  __TI_Handler_Table_Base       
00004144  __TI_Handler_Table_Limit      
00003b4d  __TI_auto_init_nobinit_nopinit
0000370d  __TI_decompress_lzss          
00003f27  __TI_decompress_none          
000039e5  __TI_doflush                  
20002428  __TI_ft_end                   
0000393f  __TI_ltoa                     
ffffffff  __TI_pprof_out_hndl           
0000026d  __TI_printfi                  
ffffffff  __TI_prof_data_size           
ffffffff  __TI_prof_data_start          
00003ced  __TI_readmsg                  
00000000  __TI_static_base__            
00003c11  __TI_writemsg                 
00003f35  __TI_zero_init                
000032e9  __aeabi_cdcmpeq               
000032e9  __aeabi_cdcmple               
0000336f  __aeabi_cdrcmple              
000035cb  __aeabi_d2f                   
00003a7d  __aeabi_d2iz                  
000025cf  __aeabi_dadd                  
00002a09  __aeabi_ddiv                  
00002e75  __aeabi_dmul                  
000025c5  __aeabi_dsub                  
00003f4d  __aeabi_errno_addr            
00003c81  __aeabi_f2d                   
00003d85  __aeabi_i2d                   
0000277b  __aeabi_idiv0                 
0000277b  __aeabi_ldiv0                 
00003471  __aeabi_memclr                
00003471  __aeabi_memclr4               
00003471  __aeabi_memclr8               
000031b7  __aeabi_memcpy                
000031b7  __aeabi_memcpy4               
000031b7  __aeabi_memcpy8               
00003473  __aeabi_memset                
00003473  __aeabi_memset4               
00003473  __aeabi_memset8               
20002434  __aeabi_stderr                
2000242c  __aeabi_stdin                 
20002430  __aeabi_stdout                
00003253  __aeabi_uldivmod              
ffffffff  __binit__                     
ffffffff  __c_args__                    
UNDEFED   __mpu_init                    
20000270  __stack                       
20000000  __start___llvm_prf_cnts       
20000000  __stop___llvm_prf_cnts        
00003d21  _c_int00_noargs               
00003f68  _ctypes_                      
20002360  _device                       
20002270  _ftable                       
20002438  _lock                         
00000cbb  _nop                          
2000244c  _running                      
200023d8  _stream                       
20001270  _sys_memory                   
UNDEFED   _system_post_cinit            
00003f5d  _system_pre_init              
200025cc  _timeout_ticks                
2000243c  _unlock                       
00003f61  abort                         
00002d75  aligned_alloc                 
0000277d  atanf                         
00003a31  atoi                          
ffffffff  binit                         
00003c49  calloc                        
00003e65  copysign                      
00003e97  copysignf                     
00003e65  copysignl                     
20002448  errno                         
000033f5  fflush                        
000021c1  fmod                          
000021c1  fmodl                         
00003775  frexp                         
00003775  frexpl                        
20000000  g_pfnRAMVectors               
00000000  g_pfnVectors                  
00001a41  i2c_init                      
00001be9  i2c_recByte                   
00001c27  i2c_recBytes                  
00001a9f  i2c_requestByte               
00001ae1  i2c_sendByte                  
00001b23  i2c_sendBytes                 
000015b1  imu_connected                 
000014d5  imu_getAcc                    
000015e5  imu_getChipInfo               
00001347  imu_getHeading                
0000133d  imu_getMode                   
000015d1  imu_getStatus                 
000015db  imu_getTemp                   
0000127d  imu_init                      
0000306f  imu_printChipInfo             
0000167b  imu_readRegByte               
000016a1  imu_readRegBytes              
0000163b  imu_reset                     
0000157d  imu_setDefaultUnits           
0000132b  imu_setMode                   
00001655  imu_writeReg                  
00003f17  lcd_clear                     
000018ed  lcd_gotoLine                  
00001755  lcd_init                      
00001953  lcd_printf                    
00001815  lcd_putc                      
0000184d  lcd_puts                      
00001719  lcd_reverseNibble             
0000186b  lcd_sendCommand               
000018a9  lcd_sendNibble                
00001915  lcd_setCursorPos              
00002c65  ldexp                         
00002f71  ldexpf                        
00002c65  ldexpl                        
00003041  main                          
00003f55  malloc                        
00002d75  memalign                      
00003e49  memccpy                       
000031b7  memcpy                        
00003479  memset                        
200025c4  parmbuf                       
00000cbd  powf                          
00002c65  scalbn                        
00002f71  scalbnf                       
00002c65  scalbnl                       
00003ddd  sqrtf                         
00003ec7  strchr                        
00003eaf  strcmp                        
00003edd  strcpy                        
00003ef1  strlen                        
00002097  timer_getMicros               
0000203f  timer_getMillis               
00001f79  timer_init                    
0000201b  timer_pause                   
0000202d  timer_resume                  
00001ff1  timer_stop                    
000020f1  timer_waitMicros              
00002123  timer_waitMillis              
00003b91  vsnprintf                     
00003f05  wcslen                        
00003e05  write                         


GLOBAL SYMBOLS: SORTED BY Symbol Address 

address   name                          
-------   ----                          
00000000  __TI_static_base__            
00000000  g_pfnVectors                  
0000026d  __TI_printfi                  
00000cbb  _nop                          
00000cbd  powf                          
00001000  __STACK_SIZE                  
00001000  __SYSMEM_SIZE                 
0000127d  imu_init                      
0000132b  imu_setMode                   
0000133d  imu_getMode                   
00001347  imu_getHeading                
000014d5  imu_getAcc                    
0000157d  imu_setDefaultUnits           
000015b1  imu_connected                 
000015d1  imu_getStatus                 
000015db  imu_getTemp                   
000015e5  imu_getChipInfo               
0000163b  imu_reset                     
00001655  imu_writeReg                  
0000167b  imu_readRegByte               
000016a1  imu_readRegBytes              
00001719  lcd_reverseNibble             
00001755  lcd_init                      
00001815  lcd_putc                      
0000184d  lcd_puts                      
0000186b  lcd_sendCommand               
000018a9  lcd_sendNibble                
000018ed  lcd_gotoLine                  
00001915  lcd_setCursorPos              
00001953  lcd_printf                    
00001a41  i2c_init                      
00001a9f  i2c_requestByte               
00001ae1  i2c_sendByte                  
00001b23  i2c_sendBytes                 
00001be9  i2c_recByte                   
00001c27  i2c_recBytes                  
00001f79  timer_init                    
00001ff1  timer_stop                    
0000201b  timer_pause                   
0000202d  timer_resume                  
0000203f  timer_getMillis               
00002097  timer_getMicros               
000020f1  timer_waitMicros              
00002123  timer_waitMillis              
000021c1  fmod                          
000021c1  fmodl                         
000025c5  __aeabi_dsub                  
000025cf  __aeabi_dadd                  
0000277b  __aeabi_idiv0                 
0000277b  __aeabi_ldiv0                 
0000277d  atanf                         
00002a09  __aeabi_ddiv                  
00002c65  ldexp                         
00002c65  ldexpl                        
00002c65  scalbn                        
00002c65  scalbnl                       
00002d75  aligned_alloc                 
00002d75  memalign                      
00002e75  __aeabi_dmul                  
00002f71  ldexpf                        
00002f71  scalbnf                       
00003041  main                          
0000306f  imu_printChipInfo             
000031b7  __aeabi_memcpy                
000031b7  __aeabi_memcpy4               
000031b7  __aeabi_memcpy8               
000031b7  memcpy                        
00003253  __aeabi_uldivmod              
000032e9  __aeabi_cdcmpeq               
000032e9  __aeabi_cdcmple               
0000336f  __aeabi_cdrcmple              
000033f5  fflush                        
00003471  __aeabi_memclr                
00003471  __aeabi_memclr4               
00003471  __aeabi_memclr8               
00003473  __aeabi_memset                
00003473  __aeabi_memset4               
00003473  __aeabi_memset8               
00003479  memset                        
000035cb  __aeabi_d2f                   
00003639  HOSTrename                    
000036a5  HOSTlseek                     
0000370d  __TI_decompress_lzss          
00003775  frexp                         
00003775  frexpl                        
000037d9  HOSTopen                      
00003839  HOSTread                      
00003891  HOSTwrite                     
0000393f  __TI_ltoa                     
000039e5  __TI_doflush                  
00003a31  atoi                          
00003a7d  __aeabi_d2iz                  
00003ac5  HOSTclose                     
00003b09  HOSTunlink                    
00003b4d  __TI_auto_init_nobinit_nopinit
00003b91  vsnprintf                     
00003c11  __TI_writemsg                 
00003c3f  C$$IO$$                       
00003c49  calloc                        
00003c81  __aeabi_f2d                   
00003cb9  IntRegister                   
00003ced  __TI_readmsg                  
00003d21  _c_int00_noargs               
00003d85  __aeabi_i2d                   
00003ddd  sqrtf                         
00003e05  write                         
00003e49  memccpy                       
00003e65  copysign                      
00003e65  copysignl                     
00003e97  copysignf                     
00003eaf  strcmp                        
00003ec7  strchr                        
00003edd  strcpy                        
00003ef1  strlen                        
00003f05  wcslen                        
00003f17  lcd_clear                     
00003f27  __TI_decompress_none          
00003f35  __TI_zero_init                
00003f41  ResetISR                      
00003f4d  __aeabi_errno_addr            
00003f55  malloc                        
00003f5d  _system_pre_init              
00003f61  C$$EXIT                       
00003f61  abort                         
00003f68  _ctypes_                      
00004138  __TI_Handler_Table_Base       
00004144  __TI_Handler_Table_Limit      
00004158  __TI_CINIT_Base               
00004170  __TI_CINIT_Limit              
20000000  __start___llvm_prf_cnts       
20000000  __stop___llvm_prf_cnts        
20000000  g_pfnRAMVectors               
20000270  __stack                       
20000470  __STACK_TOP                   
20001270  __STACK_END                   
20001270  _sys_memory                   
20002270  _ftable                       
20002360  _device                       
200023d8  _stream                       
20002428  __TI_ft_end                   
2000242c  __aeabi_stdin                 
20002430  __aeabi_stdout                
20002434  __aeabi_stderr                
20002438  _lock                         
2000243c  _unlock                       
20002448  errno                         
2000244c  _running                      
20002450  __CIOBUF_                     
200025c4  parmbuf                       
200025cc  _timeout_ticks                
ffffffff  __TI_pprof_out_hndl           
ffffffff  __TI_prof_data_size           
ffffffff  __TI_prof_data_start          
ffffffff  __binit__                     
ffffffff  __c_args__                    
ffffffff  binit                         
UNDEFED   __mpu_init                    
UNDEFED   _system_post_cinit            

[158 symbols]
